data/master.csv
time,date,itemid,price,discount,price_before_discount,stock,sold,item_status,cmt_count,liked_count,item_name,is_latest
1662047151,20220901,8897653002,10,37%,16,28375,0,normal,8,7,"[in stock]100 Peças Terminais Elétricos Ilhós Tubular Simples Pré Isolado 2,5mm  VE",True
1661997344,20220901,8897653002,10,37%,16,28375,0,normal,8,6,"[in stock]100 Peças Terminais Elétricos Ilhós Tubular Simples Pré Isolado 2,5mm  VE",False
1661912572,20220831,8897653002,10,37%,16,28375,0,normal,8,6,"[in stock]100 Peças Terminais Elétricos Ilhós Tubular Simples Pré Isolado 2,5mm  VE",False
1661825690,20220830,8897653002,10,37%,16,28375,0,normal,8,6,"[in stock]100 Peças Terminais Elétricos Ilhós Tubular Simples Pré Isolado 2,5mm  VE",False
1661738922,20220829,8897653002,10,37%,16,28375,0,normal,8,6,"[in stock]100 Peças Terminais Elétricos Ilhós Tubular Simples Pré Isolado 2,5mm  VE",False
1661652676,20220828,8897653002,10,37%,16,28375,0,normal,8,6,"[in stock]100 Peças Terminais Elétricos Ilhós Tubular Simples Pré Isolado 2,5mm  VE",False
1661565769,20220827,8897653002,10,37%,16,28375,0,normal,8,6,"[in stock]100 Peças Terminais Elétricos Ilhós Tubular Simples Pré Isolado 2,5mm  VE",False
1661527272,20220826,8897653002,10,37%,16,28375,0,normal,8,6,"[in stock]100 Peças Terminais Elétricos Ilhós Tubular Simples Pré Isolado 2,5mm  VE",False
1661479413,20220826,8897653002,10,37%,16,28501,0,normal,8,6,"[in stock]100 Peças Terminais Elétricos Ilhós Tubular Simples Pré Isolado 2,5mm  VE",False
1661427630,20220825,8897653002,10,37%,16,28502,0,normal,8,6,"[in stock]100 Peças Terminais Elétricos Ilhós Tubular Simples Pré Isolado 2,5mm  VE",False
1661401651,20220825,8897653002,10,37%,16,28586,0,normal,8,6,"[in stock]100 Peças Terminais Elétricos Ilhós Tubular Simples Pré Isolado 2,5mm  VE",False
1661392874,20220825,8897653002,10,37%,16,28586,0,normal,8,5,"[in stock]100 Peças Terminais Elétricos Ilhós Tubular Simples Pré Isolado 2,5mm  VE",False
1661306332,20220824,8897653002,10,37%,16,28586,0,normal,8,5,"[in stock]100 Peças Terminais Elétricos Ilhós Tubular Simples Pré Isolado 2,5mm  VE",False
1661220072,20220823,8897653002,10,37%,16,28586,0,normal,8,5,"[in stock]100 Peças Terminais Elétricos Ilhós Tubular Simples Pré Isolado 2,5mm  VE",False
1661133321,20220822,8897653002,10,37%,16,28586,0,normal,8,5,"[in stock]100 Peças Terminais Elétricos Ilhós Tubular Simples Pré Isolado 2,5mm  VE",False
1661046591,20220821,8897653002,10,37%,16,28586,0,normal,8,5,"[in stock]100 Peças Terminais Elétricos Ilhós Tubular Simples Pré Isolado 2,5mm  VE",False
1660960374,20220820,8897653002,10,37%,16,28586,0,normal,8,5,"[in stock]100 Peças Terminais Elétricos Ilhós Tubular Simples Pré Isolado 2,5mm  VE",False
1660874155,20220819,8897653002,10,37%,16,28586,0,normal,8,5,"[in stock]100 Peças Terminais Elétricos Ilhós Tubular Simples Pré Isolado 2,5mm  VE",False
1660788092,20220818,8897653002,10,37%,16,28586,0,normal,8,5,"[in stock]100 Peças Terminais Elétricos Ilhós Tubular Simples Pré Isolado 2,5mm  VE",False
1660701880,20220817,8897653002,10,37%,16,28586,0,normal,8,5,"[in stock]100 Peças Terminais Elétricos Ilhós Tubular Simples Pré Isolado 2,5mm  VE",False
1660615052,20220816,8897653002,10,37%,16,28586,0,normal,8,5,"[in stock]100 Peças Terminais Elétricos Ilhós Tubular Simples Pré Isolado 2,5mm  VE",False
1660574512,20220815,8897653002,10,37%,16,28586,0,normal,8,5,"[in stock]100 Peças Terminais Elétricos Ilhós Tubular Simples Pré Isolado 2,5mm  VE",False
1660528632,20220815,8897653002,10,37%,16,28670,0,normal,8,5,"[in stock]100 Peças Terminais Elétricos Ilhós Tubular Simples Pré Isolado 2,5mm  VE",False
1660442078,20220814,8897653002,10,37%,16,28670,0,normal,8,5,"[in stock]100 Peças Terminais Elétricos Ilhós Tubular Simples Pré Isolado 2,5mm  VE",False
1660354831,20220813,8897653002,10,37%,16,28670,0,normal,8,5,"[in stock]100 Peças Terminais Elétricos Ilhós Tubular Simples Pré Isolado 2,5mm  VE",False
1660268823,20220812,8897653002,10,37%,16,28670,0,normal,8,5,"[in stock]100 Peças Terminais Elétricos Ilhós Tubular Simples Pré Isolado 2,5mm  VE",False
1660182190,20220811,8897653002,10,37%,16,28670,0,normal,8,5,"[in stock]100 Peças Terminais Elétricos Ilhós Tubular Simples Pré Isolado 2,5mm  VE",False
1660095616,20220810,8897653002,10,37%,16,28670,0,normal,8,5,"[in stock]100 Peças Terminais Elétricos Ilhós Tubular Simples Pré Isolado 2,5mm  VE",False
1660034705,20220809,8897653002,10,37%,16,28670,0,normal,8,5,"[in stock]100 Peças Terminais Elétricos Ilhós Tubular Simples Pré Isolado 2,5mm  VE",False
1660010209,20220809,8897653002,10,37%,16,28880,0,normal,8,5,"[in stock]100 Peças Terminais Elétricos Ilhós Tubular Simples Pré Isolado 2,5mm  VE",False
1659923173,20220808,8897653002,10,37%,16,28880,0,normal,8,5,"[in stock]100 Peças Terminais Elétricos Ilhós Tubular Simples Pré Isolado 2,5mm  VE",False
1659837193,20220807,8897653002,10,37%,16,28880,0,normal,8,5,"[in stock]100 Peças Terminais Elétricos Ilhós Tubular Simples Pré Isolado 2,5mm  VE",False
1659804786,20220806,8897653002,10,37%,16,28880,0,normal,8,5,"[in stock]100 Peças Terminais Elétricos Ilhós Tubular Simples Pré Isolado 2,5mm  VE",False
1659750147,20220806,8897653002,10,37%,16,28880,4,normal,8,5,"[in stock]100 Peças Terminais Elétricos Ilhós Tubular Simples Pré Isolado 2,5mm  VE",False
1659664227,20220805,8897653002,10,37%,16,28880,4,normal,8,5,"[in stock]100 Peças Terminais Elétricos Ilhós Tubular Simples Pré Isolado 2,5mm  VE",False
1659577693,20220804,8897653002,10,37%,16,28880,4,normal,8,5,"[in stock]100 Peças Terminais Elétricos Ilhós Tubular Simples Pré Isolado 2,5mm  VE",False
1659491541,20220803,8897653002,10,37%,16,28880,4,normal,8,5,"[in stock]100 Peças Terminais Elétricos Ilhós Tubular Simples Pré Isolado 2,5mm  VE",False
1659435812,20220802,8897653002,10,37%,16,28880,4,normal,8,5,"[in stock]100 Peças Terminais Elétricos Ilhós Tubular Simples Pré Isolado 2,5mm  VE",False
1659405957,20220802,8897653002,10,37%,16,28670,4,normal,8,5,"[in stock]100 Peças Terminais Elétricos Ilhós Tubular Simples Pré Isolado 2,5mm  VE",False
1659327406,20220801,8897653002,10,37%,16,28670,4,normal,8,5,"[in stock]100 Peças Terminais Elétricos Ilhós Tubular Simples Pré Isolado 2,5mm  VE",False
1659319297,20220801,8897653002,10,37%,16,29090,4,normal,8,5,"[in stock]100 Peças Terminais Elétricos Ilhós Tubular Simples Pré Isolado 2,5mm  VE",False
1659264074,20220731,8897653002,10,37%,16,29090,4,normal,8,5,"[in stock]100 Peças Terminais Elétricos Ilhós Tubular Simples Pré Isolado 2,5mm  VE",False
1659232972,20220731,8897653002,10,37%,16,28964,4,normal,8,5,"[in stock]100 Peças Terminais Elétricos Ilhós Tubular Simples Pré Isolado 2,5mm  VE",False
1659145800,20220730,8897653002,10,37%,16,28964,4,normal,8,5,"[in stock]100 Peças Terminais Elétricos Ilhós Tubular Simples Pré Isolado 2,5mm  VE",False
1659059952,20220729,8897653002,10,37%,16,28964,4,normal,8,5,"[in stock]100 Peças Terminais Elétricos Ilhós Tubular Simples Pré Isolado 2,5mm  VE",False
1658972994,20220728,8897653002,10,37%,16,28964,4,normal,8,5,"[in stock]100 Peças Terminais Elétricos Ilhós Tubular Simples Pré Isolado 2,5mm  VE",False
1658887047,20220727,8897653002,10,37%,16,28964,4,normal,8,5,"[in stock]100 Peças Terminais Elétricos Ilhós Tubular Simples Pré Isolado 2,5mm  VE",False
1658832312,20220726,8897653002,10,37%,16,28964,4,normal,8,5,"[in stock]100 Peças Terminais Elétricos Ilhós Tubular Simples Pré Isolado 2,5mm  VE",False
1658800828,20220726,8897653002,10,35%,16,28964,4,normal,8,5,"[in stock]100 Peças Terminais Elétricos Ilhós Tubular Simples Pré Isolado 2,5mm  VE",False
1658713880,20220725,8897653002,10,35%,16,28964,4,normal,8,5,"[in stock]100 Peças Terminais Elétricos Ilhós Tubular Simples Pré Isolado 2,5mm  VE",False
1658669388,20220724,8897653002,10,35%,16,28964,4,normal,8,5,"[in stock]100 Peças Terminais Elétricos Ilhós Tubular Simples Pré Isolado 2,5mm  VE",False
1658654267,20220724,8897653002,8,50%,16,28964,4,normal,8,5,"[in stock]100 Peças Terminais Elétricos Ilhós Tubular Simples Pré Isolado 2,5mm  VE",False
1658627920,20220724,8897653002,10,35%,16,28964,4,normal,8,5,"[in stock]100 Peças Terminais Elétricos Ilhós Tubular Simples Pré Isolado 2,5mm  VE",False
1658547370,20220723,8897653002,10,35%,16,28964,4,normal,8,5,"[in stock]100 Peças Terminais Elétricos Ilhós Tubular Simples Pré Isolado 2,5mm  VE",False
1658541040,20220723,8897653002,10,35%,16,28838,4,normal,8,5,"[in stock]100 Peças Terminais Elétricos Ilhós Tubular Simples Pré Isolado 2,5mm  VE",False
1658454895,20220722,8897653002,10,35%,16,28838,4,normal,8,5,"[in stock]100 Peças Terminais Elétricos Ilhós Tubular Simples Pré Isolado 2,5mm  VE",False
1658368311,20220721,8897653002,10,35%,16,28838,4,normal,8,5,"[in stock]100 Peças Terminais Elétricos Ilhós Tubular Simples Pré Isolado 2,5mm  VE",False
1658281778,20220720,8897653002,10,35%,16,28838,4,normal,8,5,"[in stock]100 Peças Terminais Elétricos Ilhós Tubular Simples Pré Isolado 2,5mm  VE",False
1658252932,20220719,8897653002,10,35%,16,28838,4,normal,8,5,"[in stock]100 Peças Terminais Elétricos Ilhós Tubular Simples Pré Isolado 2,5mm  VE",False
1658244122,20220719,8897653002,8,50%,16,28838,4,normal,8,5,"[in stock]100 Peças Terminais Elétricos Ilhós Tubular Simples Pré Isolado 2,5mm  VE",False
1658196238,20220719,8897653002,10,35%,16,28838,4,normal,8,5,"[in stock]100 Peças Terminais Elétricos Ilhós Tubular Simples Pré Isolado 2,5mm  VE",False
1658109268,20220718,8897653002,10,35%,16,28838,4,normal,8,5,"[in stock]100 Peças Terminais Elétricos Ilhós Tubular Simples Pré Isolado 2,5mm  VE",False
1658023018,20220717,8897653002,10,35%,16,28838,4,normal,8,5,"[in stock]100 Peças Terminais Elétricos Ilhós Tubular Simples Pré Isolado 2,5mm  VE",False
1657936200,20220716,8897653002,10,35%,16,28838,4,normal,8,5,"[in stock]100 Peças Terminais Elétricos Ilhós Tubular Simples Pré Isolado 2,5mm  VE",False
1657850588,20220715,8897653002,10,35%,16,28838,4,normal,8,5,"[in stock]100 Peças Terminais Elétricos Ilhós Tubular Simples Pré Isolado 2,5mm  VE",False
1657763727,20220714,8897653002,10,35%,16,28838,4,normal,8,5,"[in stock]100 Peças Terminais Elétricos Ilhós Tubular Simples Pré Isolado 2,5mm  VE",False
1657676985,20220713,8897653002,10,35%,16,28838,4,normal,8,5,"[in stock]100 Peças Terminais Elétricos Ilhós Tubular Simples Pré Isolado 2,5mm  VE",False
1657590990,20220712,8897653002,10,35%,16,28838,4,normal,8,5,"[in stock]100 Peças Terminais Elétricos Ilhós Tubular Simples Pré Isolado 2,5mm  VE",False
1657504212,20220711,8897653002,10,35%,16,28838,4,normal,8,5,"[in stock]100 Peças Terminais Elétricos Ilhós Tubular Simples Pré Isolado 2,5mm  VE",False
1657418360,20220710,8897653002,10,35%,16,28838,4,normal,8,5,"[in stock]100 Peças Terminais Elétricos Ilhós Tubular Simples Pré Isolado 2,5mm  VE",False
1657330773,20220709,8897653002,10,35%,16,28838,4,normal,8,5,"[in stock]100 Peças Terminais Elétricos Ilhós Tubular Simples Pré Isolado 2,5mm  VE",False
1657245178,20220708,8897653002,10,35%,16,28838,4,normal,8,5,"[in stock]100 Peças Terminais Elétricos Ilhós Tubular Simples Pré Isolado 2,5mm  VE",False
1657211447,20220707,8897653002,10,35%,16,28838,4,normal,8,5,"[in stock]100 Peças Terminais Elétricos Ilhós Tubular Simples Pré Isolado 2,5mm  VE",False
1657158921,20220707,8897653002,10,35%,16,28838,0,normal,8,5,"[in stock]100 Peças Terminais Elétricos Ilhós Tubular Simples Pré Isolado 2,5mm  VE",False
1657142162,20220706,8897653002,10,35%,16,28838,0,normal,8,5,"[in stock]100 Peças Terminais Elétricos Ilhós Tubular Simples Pré Isolado 2,5mm  VE",False
1657072795,20220706,8897653002,10,35%,16,28838,0,normal,7,5,"[in stock]100 Peças Terminais Elétricos Ilhós Tubular Simples Pré Isolado 2,5mm  VE",False
1656985751,20220705,8897653002,10,35%,16,28838,0,normal,7,5,"[in stock]100 Peças Terminais Elétricos Ilhós Tubular Simples Pré Isolado 2,5mm  VE",False
1656953964,20220704,8897653002,10,35%,16,28838,0,normal,7,5,"[in stock]100 Peças Terminais Elétricos Ilhós Tubular Simples Pré Isolado 2,5mm  VE",False
1656944233,20220704,8897653002,10,35%,16,28838,6,normal,7,5,"[in stock]100 Peças Terminais Elétricos Ilhós Tubular Simples Pré Isolado 2,5mm  VE",False
1656899921,20220704,8897653002,10,35%,16,27998,6,normal,7,5,"[in stock]100 Peças Terminais Elétricos Ilhós Tubular Simples Pré Isolado 2,5mm  VE",False
1656862880,20220703,8897653002,10,35%,16,27998,6,normal,7,5,"[in stock]100 Peças Terminais Elétricos Ilhós Tubular Simples Pré Isolado 2,5mm  VE",False
1656813342,20220703,8897653002,10,35%,16,27914,6,normal,7,5,"[in stock]100 Peças Terminais Elétricos Ilhós Tubular Simples Pré Isolado 2,5mm  VE",False
1656726364,20220702,8897653002,10,35%,16,27914,6,normal,7,5,"[in stock]100 Peças Terminais Elétricos Ilhós Tubular Simples Pré Isolado 2,5mm  VE",False
1656695032,20220701,8897653002,10,35%,16,27914,6,normal,7,5,"[in stock]100 Peças Terminais Elétricos Ilhós Tubular Simples Pré Isolado 2,5mm  VE",False
1656640769,20220701,8897653002,10,35%,16,27914,10,normal,7,5,"[in stock]100 Peças Terminais Elétricos Ilhós Tubular Simples Pré Isolado 2,5mm  VE",False
1656553814,20220630,8897653002,10,35%,16,27914,10,normal,7,5,"[in stock]100 Peças Terminais Elétricos Ilhós Tubular Simples Pré Isolado 2,5mm  VE",False
1656467473,20220629,8897653002,10,35%,16,27914,10,normal,7,5,"[in stock]100 Peças Terminais Elétricos Ilhós Tubular Simples Pré Isolado 2,5mm  VE",False
1656380968,20220628,8897653002,10,35%,16,27914,10,normal,7,5,"[in stock]100 Peças Terminais Elétricos Ilhós Tubular Simples Pré Isolado 2,5mm  VE",False
1656294767,20220627,8897653002,10,35%,16,27914,10,normal,7,5,"[in stock]100 Peças Terminais Elétricos Ilhós Tubular Simples Pré Isolado 2,5mm  VE",False
1656208342,20220626,8897653002,10,35%,16,27914,10,normal,7,5,"[in stock]100 Peças Terminais Elétricos Ilhós Tubular Simples Pré Isolado 2,5mm  VE",False
1656121727,20220625,8897653002,10,35%,16,27914,10,normal,7,5,"[in stock]100 Peças Terminais Elétricos Ilhós Tubular Simples Pré Isolado 2,5mm  VE",False
1656035104,20220624,8897653002,10,35%,16,27914,10,normal,7,5,"[in stock]100 Peças Terminais Elétricos Ilhós Tubular Simples Pré Isolado 2,5mm  VE",False
1655948633,20220623,8897653002,10,35%,16,27914,10,normal,7,5,"[in stock]100 Peças Terminais Elétricos Ilhós Tubular Simples Pré Isolado 2,5mm  VE",False
1655862801,20220622,8897653002,10,35%,16,27914,10,normal,7,5,"[in stock]100 Peças Terminais Elétricos Ilhós Tubular Simples Pré Isolado 2,5mm  VE",False
1655775925,20220621,8897653002,10,35%,16,27914,10,normal,7,5,"[in stock]100 Peças Terminais Elétricos Ilhós Tubular Simples Pré Isolado 2,5mm  VE",False
1655689427,20220620,8897653002,10,35%,16,27914,10,normal,7,5,"[in stock]100 Peças Terminais Elétricos Ilhós Tubular Simples Pré Isolado 2,5mm  VE",False
1655603319,20220619,8897653002,10,35%,16,27914,10,normal,7,5,"[in stock]100 Peças Terminais Elétricos Ilhós Tubular Simples Pré Isolado 2,5mm  VE",False
1655516599,20220618,8897653002,10,35%,16,27914,10,normal,7,5,"[in stock]100 Peças Terminais Elétricos Ilhós Tubular Simples Pré Isolado 2,5mm  VE",False
1655452792,20220617,8897653002,10,35%,16,27914,10,normal,7,5,"[in stock]100 Peças Terminais Elétricos Ilhós Tubular Simples Pré Isolado 2,5mm  VE",False
1654073180,20220601,8897653002,10,35%,16,27918,34,normal,6,5,"[in stock]100 Peças Terminais Elétricos Ilhós Tubular Simples Pré Isolado 2,5mm  VE",False
1662074397,20220901,15538395933,119,43%,208,9707,227,normal,295,1896,24 Peças Suporte A Vácuo Anti-Celulite Acupuntura Massagem Com Ventosa,True
1662072095,20220901,15538395933,119,43%,208,9707,227,normal,295,1895,24 Peças Suporte A Vácuo Anti-Celulite Acupuntura Massagem Com Ventosa,False
1662068485,20220901,15538395933,119,43%,208,9707,227,normal,295,1894,24 Peças Suporte A Vácuo Anti-Celulite Acupuntura Massagem Com Ventosa,False
1662067044,20220901,15538395933,119,43%,208,9707,227,normal,295,1893,24 Peças Suporte A Vácuo Anti-Celulite Acupuntura Massagem Com Ventosa,False
1662063598,20220901,15538395933,119,43%,208,9708,227,normal,295,1893,24 Peças Suporte A Vácuo Anti-Celulite Acupuntura Massagem Com Ventosa,False
1662059709,20220901,15538395933,119,43%,208,9708,227,normal,295,1892,24 Peças Suporte A Vácuo Anti-Celulite Acupuntura Massagem Com Ventosa,False
1662058179,20220901,15538395933,119,43%,208,9708,224,normal,295,1891,24 Peças Suporte A Vácuo Anti-Celulite Acupuntura Massagem Com Ventosa,False
1662056700,20220901,15538395933,119,43%,208,9711,224,normal,294,1890,24 Peças Suporte A Vácuo Anti-Celulite Acupuntura Massagem Com Ventosa,False
1662053389,20220901,15538395933,119,43%,208,9731,224,normal,294,1890,24 Peças Suporte A Vácuo Anti-Celulite Acupuntura Massagem Com Ventosa,False
1662049607,20220901,15538395933,119,43%,208,9731,224,normal,293,1889,24 Peças Suporte A Vácuo Anti-Celulite Acupuntura Massagem Com Ventosa,False
1662047148,20220901,15538395933,119,43%,208,9731,224,normal,293,1888,24 Peças Suporte A Vácuo Anti-Celulite Acupuntura Massagem Com Ventosa,False
1662045677,20220901,15538395933,119,43%,208,9731,224,normal,293,1886,24 Peças Suporte A Vácuo Anti-Celulite Acupuntura Massagem Com Ventosa,False
1662043257,20220901,15538395933,119,43%,208,9732,224,normal,292,1886,24 Peças Suporte A Vácuo Anti-Celulite Acupuntura Massagem Com Ventosa,False
1662041852,20220901,15538395933,119,43%,208,9733,224,normal,292,1885,24 Peças Suporte A Vácuo Anti-Celulite Acupuntura Massagem Com Ventosa,False
1662039431,20220901,15538395933,119,43%,208,9731,224,normal,292,1885,24 Peças Suporte A Vácuo Anti-Celulite Acupuntura Massagem Com Ventosa,False
1662035867,20220901,15538395933,119,43%,208,9731,224,normal,291,1885,24 Peças Suporte A Vácuo Anti-Celulite Acupuntura Massagem Com Ventosa,False
1662030998,20220901,15538395933,119,43%,208,9731,224,normal,291,1884,24 Peças Suporte A Vácuo Anti-Celulite Acupuntura Massagem Com Ventosa,False
1662020793,20220901,15538395933,119,43%,208,9730,224,normal,291,1884,24 Peças Suporte A Vácuo Anti-Celulite Acupuntura Massagem Com Ventosa,False
