data/master.csv
time,date,itemid,price,discount,price_before_discount,stock,sold,item_status,cmt_count,liked_count,item_name,is_latest
1662013879,20220901,15538395933,119,43%,208,9730,224,normal,290,1884,24 Peças Suporte A Vácuo Anti-Celulite Acupuntura Massagem Com Ventosa,False
1662010680,20220901,15538395933,119,43%,208,9730,224,normal,290,1883,24 Peças Suporte A Vácuo Anti-Celulite Acupuntura Massagem Com Ventosa,False
1662005316,20220901,15538395933,119,43%,208,9730,224,normal,290,1882,24 Peças Suporte A Vácuo Anti-Celulite Acupuntura Massagem Com Ventosa,False
1661997342,20220901,15538395933,119,43%,208,9732,224,normal,290,1880,24 Peças Suporte A Vácuo Anti-Celulite Acupuntura Massagem Com Ventosa,False
1661985774,20220831,15538395933,119,43%,208,9735,224,normal,290,1878,24 Peças Suporte A Vácuo Anti-Celulite Acupuntura Massagem Com Ventosa,False
1661982011,20220831,15538395933,119,43%,208,9736,224,normal,290,1876,24 Peças Suporte A Vácuo Anti-Celulite Acupuntura Massagem Com Ventosa,False
1661980615,20220831,15538395933,119,43%,208,9736,224,normal,289,1876,24 Peças Suporte A Vácuo Anti-Celulite Acupuntura Massagem Com Ventosa,False
1661978541,20220831,15538395933,119,43%,208,9736,224,normal,287,1875,24 Peças Suporte A Vácuo Anti-Celulite Acupuntura Massagem Com Ventosa,False
1661977203,20220831,15538395933,119,43%,208,9737,224,normal,287,1875,24 Peças Suporte A Vácuo Anti-Celulite Acupuntura Massagem Com Ventosa,False
1661974650,20220831,15538395933,119,43%,208,9736,224,normal,287,1875,24 Peças Suporte A Vácuo Anti-Celulite Acupuntura Massagem Com Ventosa,False
1661973337,20220831,15538395933,119,43%,208,9736,220,normal,287,1874,24 Peças Suporte A Vácuo Anti-Celulite Acupuntura Massagem Com Ventosa,False
1661966884,20220831,15538395933,119,43%,208,9736,220,normal,286,1873,24 Peças Suporte A Vácuo Anti-Celulite Acupuntura Massagem Com Ventosa,False
1661963228,20220831,15538395933,119,43%,208,9736,220,normal,286,1872,24 Peças Suporte A Vácuo Anti-Celulite Acupuntura Massagem Com Ventosa,False
1661960662,20220831,15538395933,111,47%,208,20,220,normal,286,1872,24 Peças Suporte A Vácuo Anti-Celulite Acupuntura Massagem Com Ventosa,False
1661959179,20220831,15538395933,111,47%,208,20,220,normal,285,1872,24 Peças Suporte A Vácuo Anti-Celulite Acupuntura Massagem Com Ventosa,False
1661955489,20220831,15538395933,119,43%,208,9716,220,normal,285,1871,24 Peças Suporte A Vácuo Anti-Celulite Acupuntura Massagem Com Ventosa,False
1661953251,20220831,15538395933,119,43%,208,9719,220,normal,285,1871,24 Peças Suporte A Vácuo Anti-Celulite Acupuntura Massagem Com Ventosa,False
1661949613,20220831,15538395933,119,43%,208,9718,220,normal,285,1869,24 Peças Suporte A Vácuo Anti-Celulite Acupuntura Massagem Com Ventosa,False
1661944570,20220831,15538395933,119,43%,208,9718,220,normal,285,1868,24 Peças Suporte A Vácuo Anti-Celulite Acupuntura Massagem Com Ventosa,False
1661942630,20220831,15538395933,119,43%,208,9718,220,normal,285,1867,24 Peças Suporte A Vácuo Anti-Celulite Acupuntura Massagem Com Ventosa,False
1661930424,20220831,15538395933,119,43%,208,9718,220,normal,285,1866,24 Peças Suporte A Vácuo Anti-Celulite Acupuntura Massagem Com Ventosa,False
1661920822,20220831,15538395933,119,43%,208,9718,220,normal,285,1865,24 Peças Suporte A Vácuo Anti-Celulite Acupuntura Massagem Com Ventosa,False
1661912570,20220831,15538395933,119,43%,208,9719,220,normal,283,1863,24 Peças Suporte A Vácuo Anti-Celulite Acupuntura Massagem Com Ventosa,False
1661903097,20220830,15538395933,119,43%,208,9721,220,normal,281,1863,24 Peças Suporte A Vácuo Anti-Celulite Acupuntura Massagem Com Ventosa,False
1661901631,20220830,15538395933,119,43%,208,9721,220,normal,280,1863,24 Peças Suporte A Vácuo Anti-Celulite Acupuntura Massagem Com Ventosa,False
1661897991,20220830,15538395933,119,43%,208,9721,220,normal,280,1862,24 Peças Suporte A Vácuo Anti-Celulite Acupuntura Massagem Com Ventosa,False
1661894235,20220830,15538395933,119,43%,208,9721,220,normal,280,1861,24 Peças Suporte A Vácuo Anti-Celulite Acupuntura Massagem Com Ventosa,False
1661890788,20220830,15538395933,119,43%,208,9721,220,normal,279,1861,24 Peças Suporte A Vácuo Anti-Celulite Acupuntura Massagem Com Ventosa,False
1661883798,20220830,15538395933,119,43%,208,9721,220,normal,278,1861,24 Peças Suporte A Vácuo Anti-Celulite Acupuntura Massagem Com Ventosa,False
1661881487,20220830,15538395933,119,43%,208,9723,220,normal,278,1861,24 Peças Suporte A Vácuo Anti-Celulite Acupuntura Massagem Com Ventosa,False
1661878972,20220830,15538395933,119,43%,208,9722,220,normal,278,1860,24 Peças Suporte A Vácuo Anti-Celulite Acupuntura Massagem Com Ventosa,False
1661876901,20220830,15538395933,119,43%,208,9722,220,normal,278,1859,24 Peças Suporte A Vácuo Anti-Celulite Acupuntura Massagem Com Ventosa,False
1661874339,20220830,15538395933,119,43%,208,9723,220,normal,278,1859,24 Peças Suporte A Vácuo Anti-Celulite Acupuntura Massagem Com Ventosa,False
1661872768,20220830,15538395933,119,43%,208,9724,220,normal,278,1858,24 Peças Suporte A Vácuo Anti-Celulite Acupuntura Massagem Com Ventosa,False
1661869102,20220830,15538395933,119,43%,208,9724,220,normal,277,1857,24 Peças Suporte A Vácuo Anti-Celulite Acupuntura Massagem Com Ventosa,False
1661866946,20220830,15538395933,119,43%,208,9725,220,normal,276,1857,24 Peças Suporte A Vácuo Anti-Celulite Acupuntura Massagem Com Ventosa,False
1661863252,20220830,15538395933,119,43%,208,9726,220,normal,276,1856,24 Peças Suporte A Vácuo Anti-Celulite Acupuntura Massagem Com Ventosa,False
1661856179,20220830,15538395933,119,43%,208,9726,220,normal,276,1855,24 Peças Suporte A Vácuo Anti-Celulite Acupuntura Massagem Com Ventosa,False
1661845536,20220830,15538395933,119,43%,208,9727,220,normal,276,1855,24 Peças Suporte A Vácuo Anti-Celulite Acupuntura Massagem Com Ventosa,False
1661833768,20220830,15538395933,119,43%,208,9727,220,normal,276,1854,24 Peças Suporte A Vácuo Anti-Celulite Acupuntura Massagem Com Ventosa,False
1661825688,20220830,15538395933,111,47%,208,20,220,normal,276,1851,24 Peças Suporte A Vácuo Anti-Celulite Acupuntura Massagem Com Ventosa,False
1661815173,20220829,15538395933,119,43%,208,9711,220,normal,276,1843,24 Peças Suporte A Vácuo Anti-Celulite Acupuntura Massagem Com Ventosa,False
1661811520,20220829,15538395933,119,43%,208,9711,220,normal,276,1842,24 Peças Suporte A Vácuo Anti-Celulite Acupuntura Massagem Com Ventosa,False
1661807814,20220829,15538395933,119,43%,208,9731,220,normal,276,1841,24 Peças Suporte A Vácuo Anti-Celulite Acupuntura Massagem Com Ventosa,False
1661801834,20220829,15538395933,119,43%,208,9731,220,normal,276,1840,24 Peças Suporte A Vácuo Anti-Celulite Acupuntura Massagem Com Ventosa,False
1661795161,20220829,15538395933,119,43%,208,9732,226,normal,276,1840,24 Peças Suporte A Vácuo Anti-Celulite Acupuntura Massagem Com Ventosa,False
1661792353,20220829,15538395933,119,43%,208,9732,226,normal,276,1839,24 Peças Suporte A Vácuo Anti-Celulite Acupuntura Massagem Com Ventosa,False
1661790376,20220829,15538395933,119,43%,208,9732,226,normal,276,1837,24 Peças Suporte A Vácuo Anti-Celulite Acupuntura Massagem Com Ventosa,False
1661786400,20220829,15538395933,119,43%,208,9735,226,normal,276,1837,24 Peças Suporte A Vácuo Anti-Celulite Acupuntura Massagem Com Ventosa,False
1661784055,20220829,15538395933,119,43%,208,9735,226,normal,276,1836,24 Peças Suporte A Vácuo Anti-Celulite Acupuntura Massagem Com Ventosa,False
1661776661,20220829,15538395933,119,43%,208,9735,226,normal,276,1835,24 Peças Suporte A Vácuo Anti-Celulite Acupuntura Massagem Com Ventosa,False
1661771815,20220829,15538395933,119,43%,208,9736,226,normal,276,1835,24 Peças Suporte A Vácuo Anti-Celulite Acupuntura Massagem Com Ventosa,False
1661769962,20220829,15538395933,119,43%,208,9737,226,normal,276,1835,24 Peças Suporte A Vácuo Anti-Celulite Acupuntura Massagem Com Ventosa,False
1661761435,20220829,15538395933,119,43%,208,9737,226,normal,276,1834,24 Peças Suporte A Vácuo Anti-Celulite Acupuntura Massagem Com Ventosa,False
1661752479,20220829,15538395933,119,43%,208,9737,226,normal,276,1833,24 Peças Suporte A Vácuo Anti-Celulite Acupuntura Massagem Com Ventosa,False
1661746933,20220829,15538395933,119,43%,208,9737,226,normal,276,1832,24 Peças Suporte A Vácuo Anti-Celulite Acupuntura Massagem Com Ventosa,False
1661738919,20220829,15538395933,114,45%,208,60,226,normal,276,1832,24 Peças Suporte A Vácuo Anti-Celulite Acupuntura Massagem Com Ventosa,False
1661730133,20220828,15538395933,114,45%,208,61,226,normal,276,1830,24 Peças Suporte A Vácuo Anti-Celulite Acupuntura Massagem Com Ventosa,False
1661728694,20220828,15538395933,114,45%,208,61,226,normal,276,1829,24 Peças Suporte A Vácuo Anti-Celulite Acupuntura Massagem Com Ventosa,False
1661726453,20220828,15538395933,114,45%,208,61,226,normal,276,1827,24 Peças Suporte A Vácuo Anti-Celulite Acupuntura Massagem Com Ventosa,False
1661722836,20220828,15538395933,114,45%,208,61,226,normal,276,1825,24 Peças Suporte A Vácuo Anti-Celulite Acupuntura Massagem Com Ventosa,False
1661719295,20220828,15538395933,114,45%,208,60,226,normal,276,1825,24 Peças Suporte A Vácuo Anti-Celulite Acupuntura Massagem Com Ventosa,False
1661717972,20220828,15538395933,114,45%,208,60,226,normal,276,1824,24 Peças Suporte A Vácuo Anti-Celulite Acupuntura Massagem Com Ventosa,False
1661712393,20220828,15538395933,114,45%,208,61,226,normal,276,1821,24 Peças Suporte A Vácuo Anti-Celulite Acupuntura Massagem Com Ventosa,False
1661710930,20220828,15538395933,114,45%,208,60,226,normal,276,1820,24 Peças Suporte A Vácuo Anti-Celulite Acupuntura Massagem Com Ventosa,False
1661708458,20220828,15538395933,114,45%,208,61,226,normal,276,1820,24 Peças Suporte A Vácuo Anti-Celulite Acupuntura Massagem Com Ventosa,False
1661707136,20220828,15538395933,114,45%,208,61,226,normal,276,1819,24 Peças Suporte A Vácuo Anti-Celulite Acupuntura Massagem Com Ventosa,False
1661705672,20220828,15538395933,114,45%,208,61,226,normal,276,1818,24 Peças Suporte A Vácuo Anti-Celulite Acupuntura Massagem Com Ventosa,False
1661701375,20220828,15538395933,114,45%,208,61,226,normal,275,1818,24 Peças Suporte A Vácuo Anti-Celulite Acupuntura Massagem Com Ventosa,False
1661699939,20220828,15538395933,114,45%,208,62,226,normal,275,1818,24 Peças Suporte A Vácuo Anti-Celulite Acupuntura Massagem Com Ventosa,False
1661696185,20220828,15538395933,114,45%,208,62,226,normal,274,1816,24 Peças Suporte A Vácuo Anti-Celulite Acupuntura Massagem Com Ventosa,False
1661693354,20220828,15538395933,114,45%,208,62,226,normal,274,1815,24 Peças Suporte A Vácuo Anti-Celulite Acupuntura Massagem Com Ventosa,False
1661689929,20220828,15538395933,114,45%,208,63,226,normal,274,1815,24 Peças Suporte A Vácuo Anti-Celulite Acupuntura Massagem Com Ventosa,False
1661683343,20220828,15538395933,114,45%,208,63,226,normal,273,1815,24 Peças Suporte A Vácuo Anti-Celulite Acupuntura Massagem Com Ventosa,False
1661678257,20220828,15538395933,114,45%,208,63,226,normal,273,1814,24 Peças Suporte A Vácuo Anti-Celulite Acupuntura Massagem Com Ventosa,False
1661659396,20220828,15538395933,114,45%,208,63,226,normal,273,1813,24 Peças Suporte A Vácuo Anti-Celulite Acupuntura Massagem Com Ventosa,False
1661652674,20220828,15538395933,114,45%,208,63,226,normal,273,1810,24 Peças Suporte A Vácuo Anti-Celulite Acupuntura Massagem Com Ventosa,False
1661643700,20220827,15538395933,114,45%,208,65,226,normal,272,1807,24 Peças Suporte A Vácuo Anti-Celulite Acupuntura Massagem Com Ventosa,False
1661638635,20220827,15538395933,114,45%,208,66,226,normal,272,1807,24 Peças Suporte A Vácuo Anti-Celulite Acupuntura Massagem Com Ventosa,False
1661636373,20220827,15538395933,114,45%,208,66,226,normal,272,1805,24 Peças Suporte A Vácuo Anti-Celulite Acupuntura Massagem Com Ventosa,False
1661634985,20220827,15538395933,114,45%,208,67,226,normal,272,1805,24 Peças Suporte A Vácuo Anti-Celulite Acupuntura Massagem Com Ventosa,False
1661631530,20220827,15538395933,114,45%,208,67,226,normal,271,1804,24 Peças Suporte A Vácuo Anti-Celulite Acupuntura Massagem Com Ventosa,False
1661629025,20220827,15538395933,114,45%,208,67,226,normal,271,1803,24 Peças Suporte A Vácuo Anti-Celulite Acupuntura Massagem Com Ventosa,False
1661625960,20220827,15538395933,114,45%,208,67,225,normal,271,1803,24 Peças Suporte A Vácuo Anti-Celulite Acupuntura Massagem Com Ventosa,False
1661624533,20220827,15538395933,114,45%,208,67,225,normal,271,1801,24 Peças Suporte A Vácuo Anti-Celulite Acupuntura Massagem Com Ventosa,False
1661620712,20220827,15538395933,114,45%,208,68,225,normal,271,1801,24 Peças Suporte A Vácuo Anti-Celulite Acupuntura Massagem Com Ventosa,False
1661619250,20220827,15538395933,114,45%,208,68,225,normal,270,1801,24 Peças Suporte A Vácuo Anti-Celulite Acupuntura Massagem Com Ventosa,False
1661617458,20220827,15538395933,114,45%,208,69,225,normal,270,1801,24 Peças Suporte A Vácuo Anti-Celulite Acupuntura Massagem Com Ventosa,False
1661614954,20220827,15538395933,114,45%,208,69,225,normal,270,1798,24 Peças Suporte A Vácuo Anti-Celulite Acupuntura Massagem Com Ventosa,False
1661613526,20220827,15538395933,114,45%,208,69,225,normal,270,1797,24 Peças Suporte A Vácuo Anti-Celulite Acupuntura Massagem Com Ventosa,False
1661595570,20220827,15538395933,114,45%,208,69,225,normal,270,1796,24 Peças Suporte A Vácuo Anti-Celulite Acupuntura Massagem Com Ventosa,False
1661573326,20220827,15538395933,114,45%,208,69,225,normal,270,1795,24 Peças Suporte A Vácuo Anti-Celulite Acupuntura Massagem Com Ventosa,False
1661565767,20220827,15538395933,114,45%,208,71,225,normal,270,1792,24 Peças Suporte A Vácuo Anti-Celulite Acupuntura Massagem Com Ventosa,False
1661557315,20220826,15538395933,114,45%,208,73,225,normal,269,1791,24 Peças Suporte A Vácuo Anti-Celulite Acupuntura Massagem Com Ventosa,False
1661553698,20220826,15538395933,114,45%,208,73,225,normal,269,1790,24 Peças Suporte A Vácuo Anti-Celulite Acupuntura Massagem Com Ventosa,False
1661552301,20220826,15538395933,114,45%,208,73,225,normal,269,1789,24 Peças Suporte A Vácuo Anti-Celulite Acupuntura Massagem Com Ventosa,False
1661549999,20220826,15538395933,114,45%,208,73,225,normal,269,1788,24 Peças Suporte A Vácuo Anti-Celulite Acupuntura Massagem Com Ventosa,False
1661548550,20220826,15538395933,114,45%,208,74,225,normal,269,1788,24 Peças Suporte A Vácuo Anti-Celulite Acupuntura Massagem Com Ventosa,False
1661541302,20220826,15538395933,114,45%,208,74,225,normal,269,1787,24 Peças Suporte A Vácuo Anti-Celulite Acupuntura Massagem Com Ventosa,False
1661539705,20220826,15538395933,114,45%,208,74,224,normal,269,1787,24 Peças Suporte A Vácuo Anti-Celulite Acupuntura Massagem Com Ventosa,False
1661538159,20220826,15538395933,114,45%,208,75,224,normal,269,1785,24 Peças Suporte A Vácuo Anti-Celulite Acupuntura Massagem Com Ventosa,False
1661531181,20220826,15538395933,114,45%,208,75,224,normal,268,1785,24 Peças Suporte A Vácuo Anti-Celulite Acupuntura Massagem Com Ventosa,False
1661527270,20220826,15538395933,114,45%,208,75,224,normal,267,1785,24 Peças Suporte A Vácuo Anti-Celulite Acupuntura Massagem Com Ventosa,False
1661524814,20220826,15538395933,114,45%,208,75,224,normal,267,1784,24 Peças Suporte A Vácuo Anti-Celulite Acupuntura Massagem Com Ventosa,False
1661523445,20220826,15538395933,114,45%,208,75,224,normal,267,1782,24 Peças Suporte A Vácuo Anti-Celulite Acupuntura Massagem Com Ventosa,False
1661520993,20220826,15538395933,114,45%,208,75,224,normal,266,1782,24 Peças Suporte A Vácuo Anti-Celulite Acupuntura Massagem Com Ventosa,False
1661509241,20220826,15538395933,114,45%,208,75,224,normal,266,1781,24 Peças Suporte A Vácuo Anti-Celulite Acupuntura Massagem Com Ventosa,False
1661488034,20220826,15538395933,114,45%,208,75,224,normal,266,1780,24 Peças Suporte A Vácuo Anti-Celulite Acupuntura Massagem Com Ventosa,False
1661479412,20220826,15538395933,114,45%,208,76,224,normal,266,1777,24 Peças Suporte A Vácuo Anti-Celulite Acupuntura Massagem Com Ventosa,False
1661470021,20220825,15538395933,114,45%,208,76,224,normal,266,1774,24 Peças Suporte A Vácuo Anti-Celulite Acupuntura Massagem Com Ventosa,False
1661467289,20220825,15538395933,114,45%,208,76,224,normal,266,1772,24 Peças Suporte A Vácuo Anti-Celulite Acupuntura Massagem Com Ventosa,False
1661465939,20220825,15538395933,114,45%,208,76,224,normal,265,1772,24 Peças Suporte A Vácuo Anti-Celulite Acupuntura Massagem Com Ventosa,False
1661463636,20220825,15538395933,114,45%,208,77,224,normal,265,1772,24 Peças Suporte A Vácuo Anti-Celulite Acupuntura Massagem Com Ventosa,False
1661462201,20220825,15538395933,114,45%,208,78,224,normal,265,1772,24 Peças Suporte A Vácuo Anti-Celulite Acupuntura Massagem Com Ventosa,False
1661460135,20220825,15538395933,114,45%,208,78,224,normal,264,1772,24 Peças Suporte A Vácuo Anti-Celulite Acupuntura Massagem Com Ventosa,False
1661458804,20220825,15538395933,114,45%,208,78,224,normal,264,1769,24 Peças Suporte A Vácuo Anti-Celulite Acupuntura Massagem Com Ventosa,False
1661456220,20220825,15538395933,114,45%,208,79,224,normal,264,1769,24 Peças Suporte A Vácuo Anti-Celulite Acupuntura Massagem Com Ventosa,False
1661454915,20220825,15538395933,114,45%,208,79,221,normal,264,1768,24 Peças Suporte A Vácuo Anti-Celulite Acupuntura Massagem Com Ventosa,False
1661451735,20220825,15538395933,114,45%,208,79,221,normal,264,1767,24 Peças Suporte A Vácuo Anti-Celulite Acupuntura Massagem Com Ventosa,False
1661444739,20220825,15538395933,114,45%,208,79,221,normal,264,1766,24 Peças Suporte A Vácuo Anti-Celulite Acupuntura Massagem Com Ventosa,False
1661440779,20220825,15538395933,114,45%,208,79,221,normal,263,1766,24 Peças Suporte A Vácuo Anti-Celulite Acupuntura Massagem Com Ventosa,False
1661438407,20220825,15538395933,114,45%,208,80,221,normal,263,1765,24 Peças Suporte A Vácuo Anti-Celulite Acupuntura Massagem Com Ventosa,False
1661437031,20220825,15538395933,114,45%,208,80,221,normal,263,1763,24 Peças Suporte A Vácuo Anti-Celulite Acupuntura Massagem Com Ventosa,False
