data/master.csv
time,date,itemid,price,discount,price_before_discount,stock,sold,item_status,cmt_count,liked_count,item_name,is_latest
1661434886,20220825,15538395933,114,45%,208,80,221,normal,263,1762,24 Peças Suporte A Vácuo Anti-Celulite Acupuntura Massagem Com Ventosa,False
1661431046,20220825,15538395933,108,48%,208,15,221,normal,263,1761,24 Peças Suporte A Vácuo Anti-Celulite Acupuntura Massagem Com Ventosa,False
1661427628,20220825,15538395933,108,48%,208,17,221,normal,262,1756,24 Peças Suporte A Vácuo Anti-Celulite Acupuntura Massagem Com Ventosa,False
1661426234,20220825,15538395933,108,48%,208,18,221,normal,262,1754,24 Peças Suporte A Vácuo Anti-Celulite Acupuntura Massagem Com Ventosa,False
1661424340,20220825,15538395933,108,48%,208,20,221,normal,262,1754,24 Peças Suporte A Vácuo Anti-Celulite Acupuntura Massagem Com Ventosa,False
1661422891,20220825,15538395933,108,48%,208,20,221,normal,262,1750,24 Peças Suporte A Vácuo Anti-Celulite Acupuntura Massagem Com Ventosa,False
1661419116,20220825,15538395933,108,48%,208,20,221,normal,262,1747,24 Peças Suporte A Vácuo Anti-Celulite Acupuntura Massagem Com Ventosa,False
1661401649,20220825,15538395933,114,45%,208,80,221,normal,262,1747,24 Peças Suporte A Vácuo Anti-Celulite Acupuntura Massagem Com Ventosa,False
1661392870,20220825,15538395933,114,45%,208,80,221,normal,261,1746,24 Peças Suporte A Vácuo Anti-Celulite Acupuntura Massagem Com Ventosa,False
1661384540,20220824,15538395933,114,45%,208,82,221,normal,261,1742,24 Peças Suporte A Vácuo Anti-Celulite Acupuntura Massagem Com Ventosa,False
1661383154,20220824,15538395933,114,45%,208,82,221,normal,261,1740,24 Peças Suporte A Vácuo Anti-Celulite Acupuntura Massagem Com Ventosa,False
1661380906,20220824,15538395933,114,45%,208,85,221,normal,261,1740,24 Peças Suporte A Vácuo Anti-Celulite Acupuntura Massagem Com Ventosa,False
1661379543,20220824,15538395933,114,45%,208,85,221,normal,261,1738,24 Peças Suporte A Vácuo Anti-Celulite Acupuntura Massagem Com Ventosa,False
1661377191,20220824,15538395933,108,48%,208,18,221,normal,261,1738,24 Peças Suporte A Vácuo Anti-Celulite Acupuntura Massagem Com Ventosa,False
1661375777,20220824,15538395933,108,48%,208,19,221,normal,261,1738,24 Peças Suporte A Vácuo Anti-Celulite Acupuntura Massagem Com Ventosa,False
1661373702,20220824,15538395933,114,45%,208,85,221,normal,261,1737,24 Peças Suporte A Vácuo Anti-Celulite Acupuntura Massagem Com Ventosa,False
1661372357,20220824,15538395933,114,45%,208,85,221,normal,261,1735,24 Peças Suporte A Vácuo Anti-Celulite Acupuntura Massagem Com Ventosa,False
1661369838,20220824,15538395933,114,45%,208,85,221,normal,260,1735,24 Peças Suporte A Vácuo Anti-Celulite Acupuntura Massagem Com Ventosa,False
1661368538,20220824,15538395933,114,45%,208,85,218,normal,260,1734,24 Peças Suporte A Vácuo Anti-Celulite Acupuntura Massagem Com Ventosa,False
1661365919,20220824,15538395933,114,45%,208,85,218,normal,260,1732,24 Peças Suporte A Vácuo Anti-Celulite Acupuntura Massagem Com Ventosa,False
1661362926,20220824,15538395933,114,45%,208,85,218,normal,260,1729,24 Peças Suporte A Vácuo Anti-Celulite Acupuntura Massagem Com Ventosa,False
1661360110,20220824,15538395933,114,45%,208,85,218,normal,260,1728,24 Peças Suporte A Vácuo Anti-Celulite Acupuntura Massagem Com Ventosa,False
1661358381,20220824,15538395933,114,45%,208,84,218,normal,260,1728,24 Peças Suporte A Vácuo Anti-Celulite Acupuntura Massagem Com Ventosa,False
1661355797,20220824,15538395933,114,45%,208,85,218,normal,260,1728,24 Peças Suporte A Vácuo Anti-Celulite Acupuntura Massagem Com Ventosa,False
1661350656,20220824,15538395933,114,45%,208,86,218,normal,260,1727,24 Peças Suporte A Vácuo Anti-Celulite Acupuntura Massagem Com Ventosa,False
1661348200,20220824,15538395933,114,45%,208,87,218,normal,260,1726,24 Peças Suporte A Vácuo Anti-Celulite Acupuntura Massagem Com Ventosa,False
1661344611,20220824,15538395933,108,48%,208,20,218,normal,260,1726,24 Peças Suporte A Vácuo Anti-Celulite Acupuntura Massagem Com Ventosa,False
1661339770,20220824,15538395933,114,45%,208,87,218,normal,260,1722,24 Peças Suporte A Vácuo Anti-Celulite Acupuntura Massagem Com Ventosa,False
1661319089,20220824,15538395933,114,45%,208,87,218,normal,260,1721,24 Peças Suporte A Vácuo Anti-Celulite Acupuntura Massagem Com Ventosa,False
1661314421,20220824,15538395933,108,48%,208,19,218,normal,260,1719,24 Peças Suporte A Vácuo Anti-Celulite Acupuntura Massagem Com Ventosa,False
1661306329,20220824,15538395933,114,45%,208,87,218,normal,260,1711,24 Peças Suporte A Vácuo Anti-Celulite Acupuntura Massagem Com Ventosa,False
1661294475,20220823,15538395933,114,45%,208,87,218,normal,259,1710,24 Peças Suporte A Vácuo Anti-Celulite Acupuntura Massagem Com Ventosa,False
1661293091,20220823,15538395933,114,45%,208,88,218,normal,259,1710,24 Peças Suporte A Vácuo Anti-Celulite Acupuntura Massagem Com Ventosa,False
1661289385,20220823,15538395933,114,45%,208,88,218,normal,259,1709,24 Peças Suporte A Vácuo Anti-Celulite Acupuntura Massagem Com Ventosa,False
1661283423,20220823,15538395933,114,45%,208,89,220,normal,259,1707,24 Peças Suporte A Vácuo Anti-Celulite Acupuntura Massagem Com Ventosa,False
1661282126,20220823,15538395933,114,45%,208,89,210,normal,259,1704,24 Peças Suporte A Vácuo Anti-Celulite Acupuntura Massagem Com Ventosa,False
1661278960,20220823,15538395933,114,45%,208,90,210,normal,259,1703,24 Peças Suporte A Vácuo Anti-Celulite Acupuntura Massagem Com Ventosa,False
1661276558,20220823,15538395933,114,45%,208,90,210,normal,258,1703,24 Peças Suporte A Vácuo Anti-Celulite Acupuntura Massagem Com Ventosa,False
1661275486,20220823,15538395933,114,45%,208,91,210,normal,258,1703,24 Peças Suporte A Vácuo Anti-Celulite Acupuntura Massagem Com Ventosa,False
1661273833,20220823,15538395933,114,45%,208,92,210,normal,258,1702,24 Peças Suporte A Vácuo Anti-Celulite Acupuntura Massagem Com Ventosa,False
1661271932,20220823,15538395933,114,45%,208,91,210,normal,258,1702,24 Peças Suporte A Vácuo Anti-Celulite Acupuntura Massagem Com Ventosa,False
1661269421,20220823,15538395933,114,45%,208,90,210,normal,258,1702,24 Peças Suporte A Vácuo Anti-Celulite Acupuntura Massagem Com Ventosa,False
1661265598,20220823,15538395933,114,45%,208,91,210,normal,258,1702,24 Peças Suporte A Vácuo Anti-Celulite Acupuntura Massagem Com Ventosa,False
1661261910,20220823,15538395933,114,45%,208,91,210,normal,257,1702,24 Peças Suporte A Vácuo Anti-Celulite Acupuntura Massagem Com Ventosa,False
1661258154,20220823,15538395933,114,45%,208,91,210,normal,257,1698,24 Peças Suporte A Vácuo Anti-Celulite Acupuntura Massagem Com Ventosa,False
1661253370,20220823,15538395933,114,45%,208,91,210,normal,256,1697,24 Peças Suporte A Vácuo Anti-Celulite Acupuntura Massagem Com Ventosa,False
1661239272,20220823,15538395933,114,45%,208,92,210,normal,256,1697,24 Peças Suporte A Vácuo Anti-Celulite Acupuntura Massagem Com Ventosa,False
1661228567,20220823,15538395933,114,45%,208,91,210,normal,256,1697,24 Peças Suporte A Vácuo Anti-Celulite Acupuntura Massagem Com Ventosa,False
1661220068,20220823,15538395933,114,45%,208,91,210,normal,255,1697,24 Peças Suporte A Vácuo Anti-Celulite Acupuntura Massagem Com Ventosa,False
1661211663,20220822,15538395933,114,45%,208,91,210,normal,253,1695,24 Peças Suporte A Vácuo Anti-Celulite Acupuntura Massagem Com Ventosa,False
1661210304,20220822,15538395933,114,45%,208,92,210,normal,253,1695,24 Peças Suporte A Vácuo Anti-Celulite Acupuntura Massagem Com Ventosa,False
1661199523,20220822,15538395933,114,45%,208,92,210,normal,252,1695,24 Peças Suporte A Vácuo Anti-Celulite Acupuntura Massagem Com Ventosa,False
1661197152,20220822,15538395933,114,45%,208,92,210,normal,251,1694,24 Peças Suporte A Vácuo Anti-Celulite Acupuntura Massagem Com Ventosa,False
1661195715,20220822,15538395933,114,45%,208,93,210,normal,251,1692,24 Peças Suporte A Vácuo Anti-Celulite Acupuntura Massagem Com Ventosa,False
1661194035,20220822,15538395933,114,45%,208,93,215,normal,251,1692,24 Peças Suporte A Vácuo Anti-Celulite Acupuntura Massagem Com Ventosa,False
1661192544,20220822,15538395933,114,45%,208,93,215,normal,251,1691,24 Peças Suporte A Vácuo Anti-Celulite Acupuntura Massagem Com Ventosa,False
1661190087,20220822,15538395933,114,45%,208,94,215,normal,251,1691,24 Peças Suporte A Vácuo Anti-Celulite Acupuntura Massagem Com Ventosa,False
1661187362,20220822,15538395933,114,45%,208,95,215,normal,251,1691,24 Peças Suporte A Vácuo Anti-Celulite Acupuntura Massagem Com Ventosa,False
1661185481,20220822,15538395933,114,45%,208,96,215,normal,251,1690,24 Peças Suporte A Vácuo Anti-Celulite Acupuntura Massagem Com Ventosa,False
1661181711,20220822,15538395933,114,45%,208,97,215,normal,251,1689,24 Peças Suporte A Vácuo Anti-Celulite Acupuntura Massagem Com Ventosa,False
1661179116,20220822,15538395933,107,48%,208,6,215,normal,251,1688,24 Peças Suporte A Vácuo Anti-Celulite Acupuntura Massagem Com Ventosa,False
1661177762,20220822,15538395933,107,48%,208,9,215,normal,250,1688,24 Peças Suporte A Vácuo Anti-Celulite Acupuntura Massagem Com Ventosa,False
1661175651,20220822,15538395933,114,45%,208,97,215,normal,250,1688,24 Peças Suporte A Vácuo Anti-Celulite Acupuntura Massagem Com Ventosa,False
1661171897,20220822,15538395933,114,45%,208,98,215,normal,250,1686,24 Peças Suporte A Vácuo Anti-Celulite Acupuntura Massagem Com Ventosa,False
1661151201,20220822,15538395933,114,45%,208,98,215,normal,250,1685,24 Peças Suporte A Vácuo Anti-Celulite Acupuntura Massagem Com Ventosa,False
1661146277,20220822,15538395933,114,45%,208,99,215,normal,250,1685,24 Peças Suporte A Vácuo Anti-Celulite Acupuntura Massagem Com Ventosa,False
1661140832,20220822,15538395933,114,45%,208,99,215,normal,250,1684,24 Peças Suporte A Vácuo Anti-Celulite Acupuntura Massagem Com Ventosa,False
1661133317,20220822,15538395933,114,45%,208,38,215,normal,250,1681,24 Peças Suporte A Vácuo Anti-Celulite Acupuntura Massagem Com Ventosa,False
1661125202,20220821,15538395933,114,45%,208,38,215,normal,250,1680,24 Peças Suporte A Vácuo Anti-Celulite Acupuntura Massagem Com Ventosa,False
1661120262,20220821,15538395933,114,45%,208,39,215,normal,250,1679,24 Peças Suporte A Vácuo Anti-Celulite Acupuntura Massagem Com Ventosa,False
1661117941,20220821,15538395933,114,45%,208,40,215,normal,250,1679,24 Peças Suporte A Vácuo Anti-Celulite Acupuntura Massagem Com Ventosa,False
1661116539,20220821,15538395933,114,45%,208,40,215,normal,250,1678,24 Peças Suporte A Vácuo Anti-Celulite Acupuntura Massagem Com Ventosa,False
1661113149,20220821,15538395933,114,45%,208,40,215,normal,250,1677,24 Peças Suporte A Vácuo Anti-Celulite Acupuntura Massagem Com Ventosa,False
1661110620,20220821,15538395933,114,45%,208,40,215,normal,250,1675,24 Peças Suporte A Vácuo Anti-Celulite Acupuntura Massagem Com Ventosa,False
1661107527,20220821,15538395933,114,45%,208,40,217,normal,250,1675,24 Peças Suporte A Vácuo Anti-Celulite Acupuntura Massagem Com Ventosa,False
1661106095,20220821,15538395933,114,45%,208,40,217,normal,250,1674,24 Peças Suporte A Vácuo Anti-Celulite Acupuntura Massagem Com Ventosa,False
1661102300,20220821,15538395933,114,45%,208,40,217,normal,250,1675,24 Peças Suporte A Vácuo Anti-Celulite Acupuntura Massagem Com Ventosa,False
1661100863,20220821,15538395933,114,45%,208,40,217,normal,250,1674,24 Peças Suporte A Vácuo Anti-Celulite Acupuntura Massagem Com Ventosa,False
1661095078,20220821,15538395933,114,45%,208,40,217,normal,250,1673,24 Peças Suporte A Vácuo Anti-Celulite Acupuntura Massagem Com Ventosa,False
1661091356,20220821,15538395933,114,45%,208,40,217,normal,250,1672,24 Peças Suporte A Vácuo Anti-Celulite Acupuntura Massagem Com Ventosa,False
1661088522,20220821,15538395933,114,45%,208,41,217,normal,250,1670,24 Peças Suporte A Vácuo Anti-Celulite Acupuntura Massagem Com Ventosa,False
1661085092,20220821,15538395933,114,45%,208,41,217,normal,250,1668,24 Peças Suporte A Vácuo Anti-Celulite Acupuntura Massagem Com Ventosa,False
1661067491,20220821,15538395933,114,45%,208,41,217,normal,250,1667,24 Peças Suporte A Vácuo Anti-Celulite Acupuntura Massagem Com Ventosa,False
1661059167,20220821,15538395933,114,45%,208,41,217,normal,250,1668,24 Peças Suporte A Vácuo Anti-Celulite Acupuntura Massagem Com Ventosa,False
1661056429,20220821,15538395933,114,45%,208,41,217,normal,250,1667,24 Peças Suporte A Vácuo Anti-Celulite Acupuntura Massagem Com Ventosa,False
1661053320,20220821,15538395933,114,45%,208,42,217,normal,250,1666,24 Peças Suporte A Vácuo Anti-Celulite Acupuntura Massagem Com Ventosa,False
1661046588,20220821,15538395933,114,45%,208,43,217,normal,250,1666,24 Peças Suporte A Vácuo Anti-Celulite Acupuntura Massagem Com Ventosa,False
1661038785,20220820,15538395933,114,45%,208,42,217,normal,250,1664,24 Peças Suporte A Vácuo Anti-Celulite Acupuntura Massagem Com Ventosa,False
1661037427,20220820,15538395933,114,45%,208,42,217,normal,250,1663,24 Peças Suporte A Vácuo Anti-Celulite Acupuntura Massagem Com Ventosa,False
1661033865,20220820,15538395933,114,45%,208,42,217,normal,250,1662,24 Peças Suporte A Vácuo Anti-Celulite Acupuntura Massagem Com Ventosa,False
1661030272,20220820,15538395933,114,45%,208,42,217,normal,250,1661,24 Peças Suporte A Vácuo Anti-Celulite Acupuntura Massagem Com Ventosa,False
1661028057,20220820,15538395933,114,45%,208,43,217,normal,250,1661,24 Peças Suporte A Vácuo Anti-Celulite Acupuntura Massagem Com Ventosa,False
1661024224,20220820,15538395933,114,45%,208,43,217,normal,250,1660,24 Peças Suporte A Vácuo Anti-Celulite Acupuntura Massagem Com Ventosa,False
1661022868,20220820,15538395933,114,45%,208,43,217,normal,250,1659,24 Peças Suporte A Vácuo Anti-Celulite Acupuntura Massagem Com Ventosa,False
1661021120,20220820,15538395933,114,45%,208,43,211,normal,250,1659,24 Peças Suporte A Vácuo Anti-Celulite Acupuntura Massagem Com Ventosa,False
1661019685,20220820,15538395933,114,45%,208,44,211,normal,250,1659,24 Peças Suporte A Vácuo Anti-Celulite Acupuntura Massagem Com Ventosa,False
1661017205,20220820,15538395933,114,45%,208,44,211,normal,250,1658,24 Peças Suporte A Vácuo Anti-Celulite Acupuntura Massagem Com Ventosa,False
1661010148,20220820,15538395933,114,45%,208,44,211,normal,250,1657,24 Peças Suporte A Vácuo Anti-Celulite Acupuntura Massagem Com Ventosa,False
1661006329,20220820,15538395933,114,45%,208,45,211,normal,250,1657,24 Peças Suporte A Vácuo Anti-Celulite Acupuntura Massagem Com Ventosa,False
1661003141,20220820,15538395933,114,45%,208,46,211,normal,250,1656,24 Peças Suporte A Vácuo Anti-Celulite Acupuntura Massagem Com Ventosa,False
1661002097,20220820,15538395933,114,45%,208,48,211,normal,250,1656,24 Peças Suporte A Vácuo Anti-Celulite Acupuntura Massagem Com Ventosa,False
1660998712,20220820,15538395933,114,45%,208,49,211,normal,250,1655,24 Peças Suporte A Vácuo Anti-Celulite Acupuntura Massagem Com Ventosa,False
1660987033,20220820,15538395933,114,45%,208,50,211,normal,250,1655,24 Peças Suporte A Vácuo Anti-Celulite Acupuntura Massagem Com Ventosa,False
1660972741,20220820,15538395933,109,47%,208,31,211,normal,250,1655,24 Peças Suporte A Vácuo Anti-Celulite Acupuntura Massagem Com Ventosa,False
1660970023,20220820,15538395933,109,47%,208,31,211,normal,250,1654,24 Peças Suporte A Vácuo Anti-Celulite Acupuntura Massagem Com Ventosa,False
1660966773,20220820,15538395933,109,47%,208,31,211,normal,250,1653,24 Peças Suporte A Vácuo Anti-Celulite Acupuntura Massagem Com Ventosa,False
1660960369,20220820,15538395933,114,45%,208,50,211,normal,250,1652,24 Peças Suporte A Vácuo Anti-Celulite Acupuntura Massagem Com Ventosa,False
1660951082,20220819,15538395933,114,45%,208,51,211,normal,249,1648,24 Peças Suporte A Vácuo Anti-Celulite Acupuntura Massagem Com Ventosa,False
1660947609,20220819,15538395933,114,45%,208,51,211,normal,247,1648,24 Peças Suporte A Vácuo Anti-Celulite Acupuntura Massagem Com Ventosa,False
1660945194,20220819,15538395933,114,45%,208,52,211,normal,247,1648,24 Peças Suporte A Vácuo Anti-Celulite Acupuntura Massagem Com Ventosa,False
1660943773,20220819,15538395933,114,45%,208,52,211,normal,246,1648,24 Peças Suporte A Vácuo Anti-Celulite Acupuntura Massagem Com Ventosa,False
1660941718,20220819,15538395933,114,45%,208,52,211,normal,246,1647,24 Peças Suporte A Vácuo Anti-Celulite Acupuntura Massagem Com Ventosa,False
1660937850,20220819,15538395933,114,45%,208,53,211,normal,245,1647,24 Peças Suporte A Vácuo Anti-Celulite Acupuntura Massagem Com Ventosa,False
1660936480,20220819,15538395933,114,45%,208,53,203,normal,245,1647,24 Peças Suporte A Vácuo Anti-Celulite Acupuntura Massagem Com Ventosa,False
1660935099,20220819,15538395933,114,45%,208,52,203,normal,245,1647,24 Peças Suporte A Vácuo Anti-Celulite Acupuntura Massagem Com Ventosa,False
1660931132,20220819,15538395933,114,45%,208,51,203,normal,245,1647,24 Peças Suporte A Vácuo Anti-Celulite Acupuntura Massagem Com Ventosa,False
1660926530,20220819,15538395933,114,45%,208,51,203,normal,245,1646,24 Peças Suporte A Vácuo Anti-Celulite Acupuntura Massagem Com Ventosa,False
1660918648,20220819,15538395933,114,45%,208,51,203,normal,245,1645,24 Peças Suporte A Vácuo Anti-Celulite Acupuntura Massagem Com Ventosa,False
1660916399,20220819,15538395933,114,45%,208,51,203,normal,244,1644,24 Peças Suporte A Vácuo Anti-Celulite Acupuntura Massagem Com Ventosa,False
1660912562,20220819,15538395933,114,45%,208,51,203,normal,244,1643,24 Peças Suporte A Vácuo Anti-Celulite Acupuntura Massagem Com Ventosa,False
1660909109,20220819,15538395933,114,45%,208,52,203,normal,244,1643,24 Peças Suporte A Vácuo Anti-Celulite Acupuntura Massagem Com Ventosa,False
1660884710,20220819,15538395933,114,45%,208,52,203,normal,244,1641,24 Peças Suporte A Vácuo Anti-Celulite Acupuntura Massagem Com Ventosa,False
1660881125,20220819,15538395933,114,45%,208,53,203,normal,244,1640,24 Peças Suporte A Vácuo Anti-Celulite Acupuntura Massagem Com Ventosa,False
1660874151,20220819,15538395933,114,45%,208,53,203,normal,244,1637,24 Peças Suporte A Vácuo Anti-Celulite Acupuntura Massagem Com Ventosa,False
