data/master.csv
time,date,itemid,price,discount,price_before_discount,stock,sold,item_status,cmt_count,liked_count,item_name,is_latest
1660866019,20220818,15538395933,114,45%,208,55,203,normal,243,1635,24 Peças Suporte A Vácuo Anti-Celulite Acupuntura Massagem Com Ventosa,False
1660864728,20220818,15538395933,114,45%,208,56,203,normal,243,1635,24 Peças Suporte A Vácuo Anti-Celulite Acupuntura Massagem Com Ventosa,False
1660862501,20220818,15538395933,114,45%,208,56,203,normal,243,1632,24 Peças Suporte A Vácuo Anti-Celulite Acupuntura Massagem Com Ventosa,False
1660861128,20220818,15538395933,114,45%,208,56,203,normal,243,1633,24 Peças Suporte A Vácuo Anti-Celulite Acupuntura Massagem Com Ventosa,False
1660857394,20220818,15538395933,114,45%,208,56,203,normal,243,1632,24 Peças Suporte A Vácuo Anti-Celulite Acupuntura Massagem Com Ventosa,False
1660855384,20220818,15538395933,114,45%,208,56,195,normal,243,1633,24 Peças Suporte A Vácuo Anti-Celulite Acupuntura Massagem Com Ventosa,False
1660854086,20220818,15538395933,114,45%,208,57,195,normal,243,1632,24 Peças Suporte A Vácuo Anti-Celulite Acupuntura Massagem Com Ventosa,False
1660851444,20220818,15538395933,114,45%,208,57,195,normal,242,1632,24 Peças Suporte A Vácuo Anti-Celulite Acupuntura Massagem Com Ventosa,False
1660850126,20220818,15538395933,114,45%,208,57,198,normal,242,1632,24 Peças Suporte A Vácuo Anti-Celulite Acupuntura Massagem Com Ventosa,False
1660848423,20220818,15538395933,114,45%,208,58,198,normal,242,1632,24 Peças Suporte A Vácuo Anti-Celulite Acupuntura Massagem Com Ventosa,False
1660846901,20220818,15538395933,114,45%,208,60,198,normal,242,1630,24 Peças Suporte A Vácuo Anti-Celulite Acupuntura Massagem Com Ventosa,False
1660844114,20220818,15538395933,114,45%,208,60,198,normal,242,1629,24 Peças Suporte A Vácuo Anti-Celulite Acupuntura Massagem Com Ventosa,False
1660840943,20220818,15538395933,114,45%,208,59,198,normal,242,1629,24 Peças Suporte A Vácuo Anti-Celulite Acupuntura Massagem Com Ventosa,False
1660838304,20220818,15538395933,114,45%,208,59,198,normal,242,1628,24 Peças Suporte A Vácuo Anti-Celulite Acupuntura Massagem Com Ventosa,False
1660836875,20220818,15538395933,114,45%,208,59,198,normal,242,1627,24 Peças Suporte A Vácuo Anti-Celulite Acupuntura Massagem Com Ventosa,False
1660832351,20220818,15538395933,114,45%,208,59,198,normal,242,1625,24 Peças Suporte A Vácuo Anti-Celulite Acupuntura Massagem Com Ventosa,False
1660830134,20220818,15538395933,114,45%,208,60,198,normal,242,1624,24 Peças Suporte A Vácuo Anti-Celulite Acupuntura Massagem Com Ventosa,False
1660822689,20220818,15538395933,114,45%,208,60,198,normal,242,1623,24 Peças Suporte A Vácuo Anti-Celulite Acupuntura Massagem Com Ventosa,False
1660818103,20220818,15538395933,114,45%,208,61,198,normal,242,1623,24 Peças Suporte A Vácuo Anti-Celulite Acupuntura Massagem Com Ventosa,False
1660805477,20220818,15538395933,114,45%,208,62,198,normal,242,1623,24 Peças Suporte A Vácuo Anti-Celulite Acupuntura Massagem Com Ventosa,False
1660800018,20220818,15538395933,114,45%,208,63,198,normal,242,1623,24 Peças Suporte A Vácuo Anti-Celulite Acupuntura Massagem Com Ventosa,False
1660795827,20220818,15538395933,114,45%,208,62,198,normal,242,1623,24 Peças Suporte A Vácuo Anti-Celulite Acupuntura Massagem Com Ventosa,False
1660788088,20220818,15538395933,114,45%,208,62,198,normal,242,1620,24 Peças Suporte A Vácuo Anti-Celulite Acupuntura Massagem Com Ventosa,False
1660779583,20220817,15538395933,114,45%,208,63,198,normal,242,1620,24 Peças Suporte A Vácuo Anti-Celulite Acupuntura Massagem Com Ventosa,False
1660778349,20220817,15538395933,114,45%,208,63,198,normal,241,1620,24 Peças Suporte A Vácuo Anti-Celulite Acupuntura Massagem Com Ventosa,False
1660776124,20220817,15538395933,114,45%,208,64,198,normal,241,1618,24 Peças Suporte A Vácuo Anti-Celulite Acupuntura Massagem Com Ventosa,False
1660774671,20220817,15538395933,114,45%,208,64,198,normal,241,1616,24 Peças Suporte A Vácuo Anti-Celulite Acupuntura Massagem Com Ventosa,False
1660772502,20220817,15538395933,114,45%,208,64,198,normal,241,1615,24 Peças Suporte A Vácuo Anti-Celulite Acupuntura Massagem Com Ventosa,False
1660767565,20220817,15538395933,114,45%,208,65,198,normal,241,1614,24 Peças Suporte A Vácuo Anti-Celulite Acupuntura Massagem Com Ventosa,False
1660765076,20220817,15538395933,114,45%,208,65,198,normal,241,1613,24 Peças Suporte A Vácuo Anti-Celulite Acupuntura Massagem Com Ventosa,False
1660763683,20220817,15538395933,114,45%,208,65,188,normal,241,1613,24 Peças Suporte A Vácuo Anti-Celulite Acupuntura Massagem Com Ventosa,False
1660762176,20220817,15538395933,114,45%,208,65,188,normal,241,1612,24 Peças Suporte A Vácuo Anti-Celulite Acupuntura Massagem Com Ventosa,False
1660760569,20220817,15538395933,114,45%,208,65,188,normal,239,1612,24 Peças Suporte A Vácuo Anti-Celulite Acupuntura Massagem Com Ventosa,False
1660758336,20220817,15538395933,114,45%,208,66,188,normal,239,1612,24 Peças Suporte A Vácuo Anti-Celulite Acupuntura Massagem Com Ventosa,False
1660755842,20220817,15538395933,114,45%,208,69,188,normal,239,1612,24 Peças Suporte A Vácuo Anti-Celulite Acupuntura Massagem Com Ventosa,False
1660753707,20220817,15538395933,114,45%,208,70,188,normal,239,1612,24 Peças Suporte A Vácuo Anti-Celulite Acupuntura Massagem Com Ventosa,False
1660751126,20220817,15538395933,114,45%,208,71,188,normal,237,1611,24 Peças Suporte A Vácuo Anti-Celulite Acupuntura Massagem Com Ventosa,False
1660749673,20220817,15538395933,114,45%,208,72,188,normal,237,1611,24 Peças Suporte A Vácuo Anti-Celulite Acupuntura Massagem Com Ventosa,False
1660746156,20220817,15538395933,114,45%,208,73,188,normal,235,1611,24 Peças Suporte A Vácuo Anti-Celulite Acupuntura Massagem Com Ventosa,False
1660744048,20220817,15538395933,114,45%,208,75,188,normal,235,1611,24 Peças Suporte A Vácuo Anti-Celulite Acupuntura Massagem Com Ventosa,False
1660739969,20220817,15538395933,114,45%,208,75,188,normal,235,1610,24 Peças Suporte A Vácuo Anti-Celulite Acupuntura Massagem Com Ventosa,False
1660736392,20220817,15538395933,114,45%,208,75,188,normal,235,1608,24 Peças Suporte A Vácuo Anti-Celulite Acupuntura Massagem Com Ventosa,False
1660732989,20220817,15538395933,114,45%,208,75,188,normal,235,1609,24 Peças Suporte A Vácuo Anti-Celulite Acupuntura Massagem Com Ventosa,False
1660725971,20220817,15538395933,114,45%,208,75,188,normal,234,1609,24 Peças Suporte A Vácuo Anti-Celulite Acupuntura Massagem Com Ventosa,False
1660724682,20220817,15538395933,114,45%,208,75,188,normal,234,1608,24 Peças Suporte A Vácuo Anti-Celulite Acupuntura Massagem Com Ventosa,False
1660709228,20220817,15538395933,114,45%,208,75,188,normal,234,1607,24 Peças Suporte A Vácuo Anti-Celulite Acupuntura Massagem Com Ventosa,False
1660701877,20220817,15538395933,109,47%,208,28,188,normal,234,1602,24 Peças Suporte A Vácuo Anti-Celulite Acupuntura Massagem Com Ventosa,False
1660693172,20220816,15538395933,114,45%,208,73,188,normal,233,1594,24 Peças Suporte A Vácuo Anti-Celulite Acupuntura Massagem Com Ventosa,False
1660691818,20220816,15538395933,114,45%,208,74,188,normal,231,1594,24 Peças Suporte A Vácuo Anti-Celulite Acupuntura Massagem Com Ventosa,False
1660688349,20220816,15538395933,114,45%,208,74,188,normal,231,1593,24 Peças Suporte A Vácuo Anti-Celulite Acupuntura Massagem Com Ventosa,False
1660684570,20220816,15538395933,114,45%,208,75,188,normal,231,1591,24 Peças Suporte A Vácuo Anti-Celulite Acupuntura Massagem Com Ventosa,False
1660682497,20220816,15538395933,114,45%,208,75,188,normal,231,1590,24 Peças Suporte A Vácuo Anti-Celulite Acupuntura Massagem Com Ventosa,False
1660681172,20220816,15538395933,114,45%,208,76,188,normal,231,1590,24 Peças Suporte A Vácuo Anti-Celulite Acupuntura Massagem Com Ventosa,False
1660678640,20220816,15538395933,114,45%,208,77,188,normal,231,1590,24 Peças Suporte A Vácuo Anti-Celulite Acupuntura Massagem Com Ventosa,False
1660674348,20220816,15538395933,114,45%,208,77,183,normal,231,1589,24 Peças Suporte A Vácuo Anti-Celulite Acupuntura Massagem Com Ventosa,False
1660670816,20220816,15538395933,114,45%,208,77,183,normal,231,1588,24 Peças Suporte A Vácuo Anti-Celulite Acupuntura Massagem Com Ventosa,False
1660667228,20220816,15538395933,114,45%,208,79,183,normal,230,1587,24 Peças Suporte A Vácuo Anti-Celulite Acupuntura Massagem Com Ventosa,False
1660663189,20220816,15538395933,114,45%,208,80,183,normal,230,1587,24 Peças Suporte A Vácuo Anti-Celulite Acupuntura Massagem Com Ventosa,False
1660660714,20220816,15538395933,114,45%,208,82,183,normal,230,1585,24 Peças Suporte A Vácuo Anti-Celulite Acupuntura Massagem Com Ventosa,False
1660659450,20220816,15538395933,114,45%,208,81,183,normal,230,1584,24 Peças Suporte A Vácuo Anti-Celulite Acupuntura Massagem Com Ventosa,False
1660656650,20220816,15538395933,114,45%,208,82,183,normal,230,1584,24 Peças Suporte A Vácuo Anti-Celulite Acupuntura Massagem Com Ventosa,False
1660648443,20220816,15538395933,114,45%,208,83,183,normal,230,1584,24 Peças Suporte A Vácuo Anti-Celulite Acupuntura Massagem Com Ventosa,False
1660646434,20220816,15538395933,114,45%,208,83,183,normal,230,1583,24 Peças Suporte A Vácuo Anti-Celulite Acupuntura Massagem Com Ventosa,False
1660632483,20220816,15538395933,114,45%,208,84,183,normal,230,1583,24 Peças Suporte A Vácuo Anti-Celulite Acupuntura Massagem Com Ventosa,False
1660627158,20220816,15538395933,114,45%,208,84,183,normal,229,1583,24 Peças Suporte A Vácuo Anti-Celulite Acupuntura Massagem Com Ventosa,False
1660621765,20220816,15538395933,114,45%,208,86,183,normal,229,1583,24 Peças Suporte A Vácuo Anti-Celulite Acupuntura Massagem Com Ventosa,False
1660615048,20220816,15538395933,114,45%,208,91,183,normal,229,1582,24 Peças Suporte A Vácuo Anti-Celulite Acupuntura Massagem Com Ventosa,False
1660606842,20220815,15538395933,114,45%,208,92,183,normal,229,1577,24 Peças Suporte A Vácuo Anti-Celulite Acupuntura Massagem Com Ventosa,False
1660605528,20220815,15538395933,114,45%,208,92,183,normal,228,1576,24 Peças Suporte A Vácuo Anti-Celulite Acupuntura Massagem Com Ventosa,False
1660596080,20220815,15538395933,114,45%,208,92,183,normal,228,1575,24 Peças Suporte A Vácuo Anti-Celulite Acupuntura Massagem Com Ventosa,False
1660594748,20220815,15538395933,114,45%,208,93,183,normal,228,1575,24 Peças Suporte A Vácuo Anti-Celulite Acupuntura Massagem Com Ventosa,False
1660592248,20220815,15538395933,114,45%,208,93,183,normal,228,1573,24 Peças Suporte A Vácuo Anti-Celulite Acupuntura Massagem Com Ventosa,False
1660587829,20220815,15538395933,114,45%,208,94,183,normal,228,1573,24 Peças Suporte A Vácuo Anti-Celulite Acupuntura Massagem Com Ventosa,False
1660585497,20220815,15538395933,114,45%,208,95,183,normal,228,1571,24 Peças Suporte A Vácuo Anti-Celulite Acupuntura Massagem Com Ventosa,False
1660582942,20220815,15538395933,114,45%,208,95,183,normal,228,1570,24 Peças Suporte A Vácuo Anti-Celulite Acupuntura Massagem Com Ventosa,False
1660580825,20220815,15538395933,114,45%,208,96,183,normal,228,1569,24 Peças Suporte A Vácuo Anti-Celulite Acupuntura Massagem Com Ventosa,False
1660578322,20220815,15538395933,114,45%,208,96,183,normal,228,1568,24 Peças Suporte A Vácuo Anti-Celulite Acupuntura Massagem Com Ventosa,False
1660576868,20220815,15538395933,114,45%,208,97,183,normal,228,1568,24 Peças Suporte A Vácuo Anti-Celulite Acupuntura Massagem Com Ventosa,False
1660573168,20220815,15538395933,114,45%,208,97,183,normal,227,1568,24 Peças Suporte A Vácuo Anti-Celulite Acupuntura Massagem Com Ventosa,False
1660570862,20220815,15538395933,114,45%,208,99,183,normal,227,1565,24 Peças Suporte A Vácuo Anti-Celulite Acupuntura Massagem Com Ventosa,False
1660567092,20220815,15538395933,114,45%,208,99,183,normal,227,1564,24 Peças Suporte A Vácuo Anti-Celulite Acupuntura Massagem Com Ventosa,False
1660540171,20220815,15538395933,114,45%,208,100,183,normal,227,1564,24 Peças Suporte A Vácuo Anti-Celulite Acupuntura Massagem Com Ventosa,False
1660535953,20220815,15538395933,114,45%,208,100,183,normal,227,1563,24 Peças Suporte A Vácuo Anti-Celulite Acupuntura Massagem Com Ventosa,False
1660528628,20220815,15538395933,111,47%,208,28,183,normal,227,1561,24 Peças Suporte A Vácuo Anti-Celulite Acupuntura Massagem Com Ventosa,False
1660515459,20220814,15538395933,114,45%,208,95,183,normal,227,1555,24 Peças Suporte A Vácuo Anti-Celulite Acupuntura Massagem Com Ventosa,False
1660513143,20220814,15538395933,114,45%,208,95,183,normal,227,1553,24 Peças Suporte A Vácuo Anti-Celulite Acupuntura Massagem Com Ventosa,False
1660511748,20220814,15538395933,114,45%,208,95,183,normal,227,1552,24 Peças Suporte A Vácuo Anti-Celulite Acupuntura Massagem Com Ventosa,False
1660508290,20220814,15538395933,114,45%,208,95,183,normal,227,1551,24 Peças Suporte A Vácuo Anti-Celulite Acupuntura Massagem Com Ventosa,False
1660504468,20220814,15538395933,114,45%,208,96,183,normal,227,1551,24 Peças Suporte A Vácuo Anti-Celulite Acupuntura Massagem Com Ventosa,False
1660501270,20220814,15538395933,114,45%,208,96,183,normal,227,1550,24 Peças Suporte A Vácuo Anti-Celulite Acupuntura Massagem Com Ventosa,False
1660495992,20220814,15538395933,114,45%,208,96,183,normal,227,1549,24 Peças Suporte A Vácuo Anti-Celulite Acupuntura Massagem Com Ventosa,False
1660494224,20220814,15538395933,114,45%,208,96,183,normal,227,1548,24 Peças Suporte A Vácuo Anti-Celulite Acupuntura Massagem Com Ventosa,False
1660490313,20220814,15538395933,114,45%,208,97,183,normal,227,1548,24 Peças Suporte A Vácuo Anti-Celulite Acupuntura Massagem Com Ventosa,False
1660487937,20220814,15538395933,114,45%,208,97,183,normal,227,1547,24 Peças Suporte A Vácuo Anti-Celulite Acupuntura Massagem Com Ventosa,False
1660486619,20220814,15538395933,114,45%,208,98,183,normal,227,1547,24 Peças Suporte A Vácuo Anti-Celulite Acupuntura Massagem Com Ventosa,False
1660483790,20220814,15538395933,114,45%,208,98,183,normal,227,1546,24 Peças Suporte A Vácuo Anti-Celulite Acupuntura Massagem Com Ventosa,False
1660475713,20220814,15538395933,114,45%,208,98,183,normal,227,1545,24 Peças Suporte A Vácuo Anti-Celulite Acupuntura Massagem Com Ventosa,False
1660462673,20220814,15538395933,114,45%,208,98,183,normal,227,1544,24 Peças Suporte A Vácuo Anti-Celulite Acupuntura Massagem Com Ventosa,False
1660448162,20220814,15538395933,114,45%,208,98,183,normal,227,1543,24 Peças Suporte A Vácuo Anti-Celulite Acupuntura Massagem Com Ventosa,False
1660442075,20220814,15538395933,114,45%,208,98,183,normal,227,1542,24 Peças Suporte A Vácuo Anti-Celulite Acupuntura Massagem Com Ventosa,False
1660433980,20220813,15538395933,114,45%,208,98,183,normal,226,1538,24 Peças Suporte A Vácuo Anti-Celulite Acupuntura Massagem Com Ventosa,False
1660432652,20220813,15538395933,114,45%,208,98,183,normal,225,1538,24 Peças Suporte A Vácuo Anti-Celulite Acupuntura Massagem Com Ventosa,False
1660426725,20220813,15538395933,114,45%,208,98,183,normal,225,1537,24 Peças Suporte A Vácuo Anti-Celulite Acupuntura Massagem Com Ventosa,False
1660425313,20220813,15538395933,114,45%,208,98,183,normal,225,1536,24 Peças Suporte A Vácuo Anti-Celulite Acupuntura Massagem Com Ventosa,False
1660416294,20220813,15538395933,114,45%,208,98,183,normal,225,1535,24 Peças Suporte A Vácuo Anti-Celulite Acupuntura Massagem Com Ventosa,False
1660411050,20220813,15538395933,114,45%,208,98,183,normal,224,1535,24 Peças Suporte A Vácuo Anti-Celulite Acupuntura Massagem Com Ventosa,False
1660409571,20220813,15538395933,114,45%,208,98,183,normal,224,1532,24 Peças Suporte A Vácuo Anti-Celulite Acupuntura Massagem Com Ventosa,False
1660407818,20220813,15538395933,114,45%,208,98,183,normal,224,1531,24 Peças Suporte A Vácuo Anti-Celulite Acupuntura Massagem Com Ventosa,False
1660405313,20220813,15538395933,114,45%,208,98,182,normal,224,1530,24 Peças Suporte A Vácuo Anti-Celulite Acupuntura Massagem Com Ventosa,False
1660403900,20220813,15538395933,114,45%,208,98,182,normal,223,1530,24 Peças Suporte A Vácuo Anti-Celulite Acupuntura Massagem Com Ventosa,False
1660398291,20220813,15538395933,114,45%,208,98,182,normal,222,1529,24 Peças Suporte A Vácuo Anti-Celulite Acupuntura Massagem Com Ventosa,False
1660397252,20220813,15538395933,114,45%,208,98,182,normal,222,1528,24 Peças Suporte A Vácuo Anti-Celulite Acupuntura Massagem Com Ventosa,False
1660389287,20220813,15538395933,114,45%,208,98,182,normal,222,1527,24 Peças Suporte A Vácuo Anti-Celulite Acupuntura Massagem Com Ventosa,False
1660354827,20220813,15538395933,114,45%,208,98,182,normal,222,1526,24 Peças Suporte A Vácuo Anti-Celulite Acupuntura Massagem Com Ventosa,False
1660346261,20220812,15538395933,114,45%,208,98,182,normal,222,1523,24 Peças Suporte A Vácuo Anti-Celulite Acupuntura Massagem Com Ventosa,False
1660338986,20220812,15538395933,114,45%,208,98,182,normal,222,1521,24 Peças Suporte A Vácuo Anti-Celulite Acupuntura Massagem Com Ventosa,False
1660335525,20220812,15538395933,114,45%,208,98,182,normal,221,1521,24 Peças Suporte A Vácuo Anti-Celulite Acupuntura Massagem Com Ventosa,False
1660331680,20220812,15538395933,114,45%,208,98,182,normal,221,1520,24 Peças Suporte A Vácuo Anti-Celulite Acupuntura Massagem Com Ventosa,False
1660328562,20220812,15538395933,114,45%,208,98,182,normal,221,1519,24 Peças Suporte A Vácuo Anti-Celulite Acupuntura Massagem Com Ventosa,False
1660326274,20220812,15538395933,114,45%,208,98,182,normal,221,1516,24 Peças Suporte A Vácuo Anti-Celulite Acupuntura Massagem Com Ventosa,False
1660321819,20220812,15538395933,114,45%,208,98,182,normal,220,1516,24 Peças Suporte A Vácuo Anti-Celulite Acupuntura Massagem Com Ventosa,False
1660319167,20220812,15538395933,114,45%,208,98,173,normal,220,1516,24 Peças Suporte A Vácuo Anti-Celulite Acupuntura Massagem Com Ventosa,False
1660313804,20220812,15538395933,114,45%,208,98,173,normal,219,1516,24 Peças Suporte A Vácuo Anti-Celulite Acupuntura Massagem Com Ventosa,False
1660311661,20220812,15538395933,114,45%,208,98,173,normal,218,1516,24 Peças Suporte A Vácuo Anti-Celulite Acupuntura Massagem Com Ventosa,False
