data/master.csv
time,date,itemid,price,discount,price_before_discount,stock,sold,item_status,cmt_count,liked_count,item_name,is_latest
1660295863,20220812,15538395933,114,45%,208,98,173,normal,218,1514,24 Peças Suporte A Vácuo Anti-Celulite Acupuntura Massagem Com Ventosa,False
1660285427,20220812,15538395933,111,47%,208,28,173,normal,218,1513,24 Peças Suporte A Vácuo Anti-Celulite Acupuntura Massagem Com Ventosa,False
1660281523,20220812,15538395933,111,47%,208,28,173,normal,218,1512,24 Peças Suporte A Vácuo Anti-Celulite Acupuntura Massagem Com Ventosa,False
1660278743,20220812,15538395933,111,47%,208,28,173,normal,218,1511,24 Peças Suporte A Vácuo Anti-Celulite Acupuntura Massagem Com Ventosa,False
1660275289,20220812,15538395933,111,47%,208,28,173,normal,218,1508,24 Peças Suporte A Vácuo Anti-Celulite Acupuntura Massagem Com Ventosa,False
1660268819,20220812,15538395933,114,45%,208,98,173,normal,218,1504,24 Peças Suporte A Vácuo Anti-Celulite Acupuntura Massagem Com Ventosa,False
1660261236,20220811,15538395933,114,45%,208,98,173,normal,218,1503,24 Peças Suporte A Vácuo Anti-Celulite Acupuntura Massagem Com Ventosa,False
1660256267,20220811,15538395933,114,45%,208,98,173,normal,217,1501,24 Peças Suporte A Vácuo Anti-Celulite Acupuntura Massagem Com Ventosa,False
1660254017,20220811,15538395933,114,45%,208,98,173,normal,216,1500,24 Peças Suporte A Vácuo Anti-Celulite Acupuntura Massagem Com Ventosa,False
1660249124,20220811,15538395933,114,45%,208,98,173,normal,216,1499,24 Peças Suporte A Vácuo Anti-Celulite Acupuntura Massagem Com Ventosa,False
1660246731,20220811,15538395933,114,45%,208,98,173,normal,216,1498,24 Peças Suporte A Vácuo Anti-Celulite Acupuntura Massagem Com Ventosa,False
1660243691,20220811,15538395933,114,45%,208,98,173,normal,216,1495,24 Peças Suporte A Vácuo Anti-Celulite Acupuntura Massagem Com Ventosa,False
1660242126,20220811,15538395933,114,45%,208,98,173,normal,215,1494,24 Peças Suporte A Vácuo Anti-Celulite Acupuntura Massagem Com Ventosa,False
1660238508,20220811,15538395933,114,45%,208,98,173,normal,215,1493,24 Peças Suporte A Vácuo Anti-Celulite Acupuntura Massagem Com Ventosa,False
1660236978,20220811,15538395933,114,45%,208,98,173,normal,215,1492,24 Peças Suporte A Vácuo Anti-Celulite Acupuntura Massagem Com Ventosa,False
1660232624,20220811,15538395933,114,45%,208,98,162,normal,215,1492,24 Peças Suporte A Vácuo Anti-Celulite Acupuntura Massagem Com Ventosa,False
1660231173,20220811,15538395933,114,45%,208,98,162,normal,215,1490,24 Peças Suporte A Vácuo Anti-Celulite Acupuntura Massagem Com Ventosa,False
1660227390,20220811,15538395933,114,45%,208,98,162,normal,215,1489,24 Peças Suporte A Vácuo Anti-Celulite Acupuntura Massagem Com Ventosa,False
1660225192,20220811,15538395933,114,45%,208,98,162,normal,214,1489,24 Peças Suporte A Vácuo Anti-Celulite Acupuntura Massagem Com Ventosa,False
1660209522,20220811,15538395933,114,45%,208,98,162,normal,214,1488,24 Peças Suporte A Vácuo Anti-Celulite Acupuntura Massagem Com Ventosa,False
1660198986,20220811,15538395933,114,45%,208,97,162,normal,214,1488,24 Peças Suporte A Vácuo Anti-Celulite Acupuntura Massagem Com Ventosa,False
1660187946,20220811,15538395933,114,45%,208,97,162,normal,214,1487,24 Peças Suporte A Vácuo Anti-Celulite Acupuntura Massagem Com Ventosa,False
1660182186,20220811,15538395933,114,45%,208,97,162,normal,214,1485,24 Peças Suporte A Vácuo Anti-Celulite Acupuntura Massagem Com Ventosa,False
1660173460,20220810,15538395933,114,45%,208,97,162,normal,213,1481,24 Peças Suporte A Vácuo Anti-Celulite Acupuntura Massagem Com Ventosa,False
1660169875,20220810,15538395933,114,45%,208,97,162,normal,213,1479,24 Peças Suporte A Vácuo Anti-Celulite Acupuntura Massagem Com Ventosa,False
1660167574,20220810,15538395933,114,45%,208,97,162,normal,213,1478,24 Peças Suporte A Vácuo Anti-Celulite Acupuntura Massagem Com Ventosa,False
1660166166,20220810,15538395933,114,45%,208,97,162,normal,212,1478,24 Peças Suporte A Vácuo Anti-Celulite Acupuntura Massagem Com Ventosa,False
1660162738,20220810,15538395933,114,45%,208,97,162,normal,211,1478,24 Peças Suporte A Vácuo Anti-Celulite Acupuntura Massagem Com Ventosa,False
1660158905,20220810,15538395933,114,45%,208,97,162,normal,210,1478,24 Peças Suporte A Vácuo Anti-Celulite Acupuntura Massagem Com Ventosa,False
1660155731,20220810,15538395933,114,45%,208,97,162,normal,210,1477,24 Peças Suporte A Vácuo Anti-Celulite Acupuntura Massagem Com Ventosa,False
1660150973,20220810,15538395933,114,45%,208,97,162,normal,209,1477,24 Peças Suporte A Vácuo Anti-Celulite Acupuntura Massagem Com Ventosa,False
1660148881,20220810,15538395933,114,45%,208,97,154,normal,209,1476,24 Peças Suporte A Vácuo Anti-Celulite Acupuntura Massagem Com Ventosa,False
1660144726,20220810,15538395933,114,45%,208,97,154,normal,209,1475,24 Peças Suporte A Vácuo Anti-Celulite Acupuntura Massagem Com Ventosa,False
1660142374,20220810,15538395933,114,45%,208,97,154,normal,208,1473,24 Peças Suporte A Vácuo Anti-Celulite Acupuntura Massagem Com Ventosa,False
1660140995,20220810,15538395933,114,45%,208,97,154,normal,208,1472,24 Peças Suporte A Vácuo Anti-Celulite Acupuntura Massagem Com Ventosa,False
1660130128,20220810,15538395933,114,45%,208,97,154,normal,208,1471,24 Peças Suporte A Vácuo Anti-Celulite Acupuntura Massagem Com Ventosa,False
1660123093,20220810,15538395933,114,45%,208,97,154,normal,208,1470,24 Peças Suporte A Vácuo Anti-Celulite Acupuntura Massagem Com Ventosa,False
1660121106,20220810,15538395933,114,45%,208,98,154,normal,208,1470,24 Peças Suporte A Vácuo Anti-Celulite Acupuntura Massagem Com Ventosa,False
1660117148,20220810,15538395933,114,45%,208,98,154,normal,207,1470,24 Peças Suporte A Vácuo Anti-Celulite Acupuntura Massagem Com Ventosa,False
1660105373,20220810,15538395933,114,45%,208,98,154,normal,206,1470,24 Peças Suporte A Vácuo Anti-Celulite Acupuntura Massagem Com Ventosa,False
1660100713,20220810,15538395933,114,45%,208,100,154,normal,206,1470,24 Peças Suporte A Vácuo Anti-Celulite Acupuntura Massagem Com Ventosa,False
1660095612,20220810,15538395933,122,41%,208,1269,154,normal,205,1470,24 Peças Suporte A Vácuo Anti-Celulite Acupuntura Massagem Com Ventosa,False
1660087129,20220809,15538395933,122,41%,208,1269,154,normal,205,1470,24 Peças Suporte A Vácuo Anti-Celulite Acupuntura Massagem Com Ventosa,False
1660083482,20220809,15538395933,122,41%,208,1269,154,normal,205,1469,24 Peças Suporte A Vácuo Anti-Celulite Acupuntura Massagem Com Ventosa,False
1660081222,20220809,15538395933,122,41%,208,1271,154,normal,204,1468,24 Peças Suporte A Vácuo Anti-Celulite Acupuntura Massagem Com Ventosa,False
1660079771,20220809,15538395933,122,41%,208,1272,154,normal,204,1468,24 Peças Suporte A Vácuo Anti-Celulite Acupuntura Massagem Com Ventosa,False
1660077707,20220809,15538395933,122,41%,208,1272,154,normal,203,1468,24 Peças Suporte A Vácuo Anti-Celulite Acupuntura Massagem Com Ventosa,False
1660073985,20220809,15538395933,122,41%,208,1273,154,normal,203,1467,24 Peças Suporte A Vácuo Anti-Celulite Acupuntura Massagem Com Ventosa,False
1660070813,20220809,15538395933,122,41%,208,1274,154,normal,202,1466,24 Peças Suporte A Vácuo Anti-Celulite Acupuntura Massagem Com Ventosa,False
1660069321,20220809,15538395933,122,41%,208,1275,154,normal,202,1465,24 Peças Suporte A Vácuo Anti-Celulite Acupuntura Massagem Com Ventosa,False
1660065863,20220809,15538395933,122,41%,208,1274,154,normal,202,1463,24 Peças Suporte A Vácuo Anti-Celulite Acupuntura Massagem Com Ventosa,False
1660062342,20220809,15538395933,122,41%,208,1274,154,normal,202,1462,24 Peças Suporte A Vácuo Anti-Celulite Acupuntura Massagem Com Ventosa,False
1660059945,20220809,15538395933,122,41%,208,1274,151,normal,202,1462,24 Peças Suporte A Vácuo Anti-Celulite Acupuntura Massagem Com Ventosa,False
1660058481,20220809,15538395933,122,41%,208,1274,151,normal,202,1461,24 Peças Suporte A Vácuo Anti-Celulite Acupuntura Massagem Com Ventosa,False
1660056033,20220809,15538395933,122,41%,208,1276,151,normal,202,1461,24 Peças Suporte A Vácuo Anti-Celulite Acupuntura Massagem Com Ventosa,False
1660054799,20220809,15538395933,122,41%,208,1277,151,normal,202,1461,24 Peças Suporte A Vácuo Anti-Celulite Acupuntura Massagem Com Ventosa,False
1660052886,20220809,15538395933,122,41%,208,1276,151,normal,202,1461,24 Peças Suporte A Vácuo Anti-Celulite Acupuntura Massagem Com Ventosa,False
1660040521,20220809,15538395933,122,41%,208,1277,151,normal,202,1459,24 Peças Suporte A Vácuo Anti-Celulite Acupuntura Massagem Com Ventosa,False
1660038114,20220809,15538395933,122,41%,208,1277,151,normal,201,1459,24 Peças Suporte A Vácuo Anti-Celulite Acupuntura Massagem Com Ventosa,False
1660036743,20220809,15538395933,122,41%,208,1277,151,normal,201,1458,24 Peças Suporte A Vácuo Anti-Celulite Acupuntura Massagem Com Ventosa,False
1660034701,20220809,15538395933,122,41%,208,1377,151,normal,201,1458,24 Peças Suporte A Vácuo Anti-Celulite Acupuntura Massagem Com Ventosa,False
1660020134,20220809,15538395933,123,41%,208,1382,151,normal,201,1458,24 Peças Suporte A Vácuo Anti-Celulite Acupuntura Massagem Com Ventosa,False
1660016750,20220809,15538395933,123,41%,208,1383,151,normal,201,1457,24 Peças Suporte A Vácuo Anti-Celulite Acupuntura Massagem Com Ventosa,False
1660010205,20220809,15538395933,123,41%,208,1185,151,normal,201,1456,24 Peças Suporte A Vácuo Anti-Celulite Acupuntura Massagem Com Ventosa,False
1660002085,20220808,15538395933,123,41%,208,1185,151,normal,200,1453,24 Peças Suporte A Vácuo Anti-Celulite Acupuntura Massagem Com Ventosa,False
1660000789,20220808,15538395933,123,41%,208,1185,151,normal,199,1453,24 Peças Suporte A Vácuo Anti-Celulite Acupuntura Massagem Com Ventosa,False
1659994774,20220808,15538395933,123,41%,208,1186,151,normal,199,1453,24 Peças Suporte A Vácuo Anti-Celulite Acupuntura Massagem Com Ventosa,False
1659993358,20220808,15538395933,123,41%,208,1186,151,normal,199,1452,24 Peças Suporte A Vácuo Anti-Celulite Acupuntura Massagem Com Ventosa,False
1659991309,20220808,15538395933,123,41%,208,1187,151,normal,199,1452,24 Peças Suporte A Vácuo Anti-Celulite Acupuntura Massagem Com Ventosa,False
1659989993,20220808,15538395933,123,41%,208,1188,151,normal,198,1452,24 Peças Suporte A Vácuo Anti-Celulite Acupuntura Massagem Com Ventosa,False
1659984452,20220808,15538395933,123,41%,208,1187,151,normal,198,1452,24 Peças Suporte A Vácuo Anti-Celulite Acupuntura Massagem Com Ventosa,False
1659983020,20220808,15538395933,123,41%,208,1188,151,normal,198,1452,24 Peças Suporte A Vácuo Anti-Celulite Acupuntura Massagem Com Ventosa,False
1659980752,20220808,15538395933,123,41%,208,1190,151,normal,198,1451,24 Peças Suporte A Vácuo Anti-Celulite Acupuntura Massagem Com Ventosa,False
1659979731,20220808,15538395933,123,41%,208,1190,151,normal,198,1452,24 Peças Suporte A Vácuo Anti-Celulite Acupuntura Massagem Com Ventosa,False
1659977973,20220808,15538395933,123,41%,208,1190,151,normal,198,1451,24 Peças Suporte A Vácuo Anti-Celulite Acupuntura Massagem Com Ventosa,False
1659976041,20220808,15538395933,123,41%,208,1191,151,normal,198,1449,24 Peças Suporte A Vácuo Anti-Celulite Acupuntura Massagem Com Ventosa,False
1659973582,20220808,15538395933,123,41%,208,1194,154,normal,198,1449,24 Peças Suporte A Vácuo Anti-Celulite Acupuntura Massagem Com Ventosa,False
1659969607,20220808,15538395933,123,41%,208,1194,154,normal,198,1448,24 Peças Suporte A Vácuo Anti-Celulite Acupuntura Massagem Com Ventosa,False
1659968313,20220808,15538395933,123,41%,208,1196,154,normal,197,1447,24 Peças Suporte A Vácuo Anti-Celulite Acupuntura Massagem Com Ventosa,False
1659966109,20220808,15538395933,123,41%,208,1198,154,normal,197,1445,24 Peças Suporte A Vácuo Anti-Celulite Acupuntura Massagem Com Ventosa,False
1659962226,20220808,15538395933,123,41%,208,1200,154,normal,197,1445,24 Peças Suporte A Vácuo Anti-Celulite Acupuntura Massagem Com Ventosa,False
1659954059,20220808,15538395933,123,41%,208,1201,154,normal,197,1444,24 Peças Suporte A Vácuo Anti-Celulite Acupuntura Massagem Com Ventosa,False
1659936128,20220808,15538395933,123,41%,208,1201,154,normal,197,1443,24 Peças Suporte A Vácuo Anti-Celulite Acupuntura Massagem Com Ventosa,False
1659933357,20220808,15538395933,123,41%,208,1202,154,normal,197,1443,24 Peças Suporte A Vácuo Anti-Celulite Acupuntura Massagem Com Ventosa,False
1659930044,20220808,15538395933,123,41%,208,1202,154,normal,196,1442,24 Peças Suporte A Vácuo Anti-Celulite Acupuntura Massagem Com Ventosa,False
1659923169,20220808,15538395933,123,41%,208,1202,154,normal,196,1441,24 Peças Suporte A Vácuo Anti-Celulite Acupuntura Massagem Com Ventosa,False
1659914248,20220807,15538395933,123,41%,208,1205,154,normal,196,1438,24 Peças Suporte A Vácuo Anti-Celulite Acupuntura Massagem Com Ventosa,False
1659912002,20220807,15538395933,123,41%,208,1206,154,normal,196,1436,24 Peças Suporte A Vácuo Anti-Celulite Acupuntura Massagem Com Ventosa,False
1659910643,20220807,15538395933,123,41%,208,1206,154,normal,195,1436,24 Peças Suporte A Vácuo Anti-Celulite Acupuntura Massagem Com Ventosa,False
1659906907,20220807,15538395933,123,41%,208,1206,154,normal,195,1435,24 Peças Suporte A Vácuo Anti-Celulite Acupuntura Massagem Com Ventosa,False
1659903535,20220807,15538395933,123,41%,208,1206,154,normal,195,1433,24 Peças Suporte A Vácuo Anti-Celulite Acupuntura Massagem Com Ventosa,False
1659901089,20220807,15538395933,123,41%,208,1208,154,normal,195,1431,24 Peças Suporte A Vácuo Anti-Celulite Acupuntura Massagem Com Ventosa,False
1659899675,20220807,15538395933,123,41%,208,1208,154,normal,195,1429,24 Peças Suporte A Vácuo Anti-Celulite Acupuntura Massagem Com Ventosa,False
1659896499,20220807,15538395933,123,41%,208,1208,154,normal,195,1428,24 Peças Suporte A Vácuo Anti-Celulite Acupuntura Massagem Com Ventosa,False
1659892643,20220807,15538395933,123,41%,208,1209,154,normal,195,1428,24 Peças Suporte A Vácuo Anti-Celulite Acupuntura Massagem Com Ventosa,False
1659891172,20220807,15538395933,123,41%,208,1210,154,normal,195,1428,24 Peças Suporte A Vácuo Anti-Celulite Acupuntura Massagem Com Ventosa,False
1659889407,20220807,15538395933,123,41%,208,1210,153,normal,195,1428,24 Peças Suporte A Vácuo Anti-Celulite Acupuntura Massagem Com Ventosa,False
1659878824,20220807,15538395933,123,41%,208,1210,153,normal,195,1427,24 Peças Suporte A Vácuo Anti-Celulite Acupuntura Massagem Com Ventosa,False
1659872218,20220807,15538395933,123,41%,208,1210,153,normal,195,1426,24 Peças Suporte A Vácuo Anti-Celulite Acupuntura Massagem Com Ventosa,False
1659849343,20220807,15538395933,123,41%,208,1210,153,normal,195,1425,24 Peças Suporte A Vácuo Anti-Celulite Acupuntura Massagem Com Ventosa,False
1659847824,20220807,15538395933,123,41%,208,1210,153,normal,195,1424,24 Peças Suporte A Vácuo Anti-Celulite Acupuntura Massagem Com Ventosa,False
1659842622,20220807,15538395933,123,41%,208,1211,153,normal,195,1424,24 Peças Suporte A Vácuo Anti-Celulite Acupuntura Massagem Com Ventosa,False
1659837189,20220807,15538395933,123,41%,208,1211,153,normal,195,1423,24 Peças Suporte A Vácuo Anti-Celulite Acupuntura Massagem Com Ventosa,False
1659829209,20220806,15538395933,123,41%,208,1212,153,normal,195,1420,24 Peças Suporte A Vácuo Anti-Celulite Acupuntura Massagem Com Ventosa,False
1659827880,20220806,15538395933,123,41%,208,1212,153,normal,195,1419,24 Peças Suporte A Vácuo Anti-Celulite Acupuntura Massagem Com Ventosa,False
1659825581,20220806,15538395933,123,41%,208,1213,153,normal,195,1420,24 Peças Suporte A Vácuo Anti-Celulite Acupuntura Massagem Com Ventosa,False
1659818397,20220806,15538395933,123,41%,208,1214,153,normal,195,1420,24 Peças Suporte A Vácuo Anti-Celulite Acupuntura Massagem Com Ventosa,False
1659817083,20220806,15538395933,123,41%,208,1215,153,normal,195,1420,24 Peças Suporte A Vácuo Anti-Celulite Acupuntura Massagem Com Ventosa,False
1659813262,20220806,15538395933,123,41%,208,1215,153,normal,195,1419,24 Peças Suporte A Vácuo Anti-Celulite Acupuntura Massagem Com Ventosa,False
1659810087,20220806,15538395933,123,41%,208,1215,153,normal,195,1418,24 Peças Suporte A Vácuo Anti-Celulite Acupuntura Massagem Com Ventosa,False
1659807550,20220806,15538395933,123,41%,208,1215,153,normal,195,1417,24 Peças Suporte A Vácuo Anti-Celulite Acupuntura Massagem Com Ventosa,False
1659806244,20220806,15538395933,123,41%,208,1216,153,normal,195,1417,24 Peças Suporte A Vácuo Anti-Celulite Acupuntura Massagem Com Ventosa,False
1659804782,20220806,15538395933,123,41%,208,1216,153,normal,195,1416,24 Peças Suporte A Vácuo Anti-Celulite Acupuntura Massagem Com Ventosa,False
1659803038,20220806,15538395933,123,41%,208,1216,148,normal,195,1416,24 Peças Suporte A Vácuo Anti-Celulite Acupuntura Massagem Com Ventosa,False
1659799071,20220806,15538395933,123,41%,208,1215,148,normal,195,1416,24 Peças Suporte A Vácuo Anti-Celulite Acupuntura Massagem Com Ventosa,False
1659796701,20220806,15538395933,123,41%,208,1216,148,normal,193,1416,24 Peças Suporte A Vácuo Anti-Celulite Acupuntura Massagem Com Ventosa,False
1659793402,20220806,15538395933,123,41%,208,1216,148,normal,192,1416,24 Peças Suporte A Vácuo Anti-Celulite Acupuntura Massagem Com Ventosa,False
1659792384,20220806,15538395933,123,41%,208,1217,148,normal,192,1416,24 Peças Suporte A Vácuo Anti-Celulite Acupuntura Massagem Com Ventosa,False
1659762962,20220806,15538395933,123,41%,208,1217,148,normal,192,1415,24 Peças Suporte A Vácuo Anti-Celulite Acupuntura Massagem Com Ventosa,False
1659760340,20220806,15538395933,123,41%,208,1219,148,normal,192,1415,24 Peças Suporte A Vácuo Anti-Celulite Acupuntura Massagem Com Ventosa,False
1659758327,20220806,15538395933,123,41%,208,1219,148,normal,191,1415,24 Peças Suporte A Vácuo Anti-Celulite Acupuntura Massagem Com Ventosa,False
1659755989,20220806,15538395933,123,41%,208,1219,148,normal,191,1414,24 Peças Suporte A Vácuo Anti-Celulite Acupuntura Massagem Com Ventosa,False
