data/master.csv
time,date,itemid,price,discount,price_before_discount,stock,sold,item_status,cmt_count,liked_count,item_name,is_latest
1659750143,20220806,15538395933,123,41%,208,1220,148,normal,191,1412,24 Peças Suporte A Vácuo Anti-Celulite Acupuntura Massagem Com Ventosa,False
1659742809,20220805,15538395933,123,41%,208,1221,148,normal,190,1409,24 Peças Suporte A Vácuo Anti-Celulite Acupuntura Massagem Com Ventosa,False
1659741481,20220805,15538395933,123,41%,208,1221,148,normal,189,1409,24 Peças Suporte A Vácuo Anti-Celulite Acupuntura Massagem Com Ventosa,False
1659739226,20220805,15538395933,123,41%,208,1221,148,normal,188,1409,24 Peças Suporte A Vácuo Anti-Celulite Acupuntura Massagem Com Ventosa,False
1659737855,20220805,15538395933,123,41%,208,1222,148,normal,188,1409,24 Peças Suporte A Vácuo Anti-Celulite Acupuntura Massagem Com Ventosa,False
1659735583,20220805,15538395933,123,41%,208,1222,148,normal,188,1408,24 Peças Suporte A Vácuo Anti-Celulite Acupuntura Massagem Com Ventosa,False
1659730757,20220805,15538395933,123,41%,208,1223,148,normal,188,1408,24 Peças Suporte A Vácuo Anti-Celulite Acupuntura Massagem Com Ventosa,False
1659726937,20220805,15538395933,123,41%,208,1224,148,normal,187,1408,24 Peças Suporte A Vácuo Anti-Celulite Acupuntura Massagem Com Ventosa,False
1659723788,20220805,15538395933,123,41%,208,1224,148,normal,187,1407,24 Peças Suporte A Vácuo Anti-Celulite Acupuntura Massagem Com Ventosa,False
1659716854,20220805,15538395933,123,41%,208,1224,148,normal,186,1405,24 Peças Suporte A Vácuo Anti-Celulite Acupuntura Massagem Com Ventosa,False
1659714263,20220805,15538395933,123,41%,208,1224,135,normal,186,1405,24 Peças Suporte A Vácuo Anti-Celulite Acupuntura Massagem Com Ventosa,False
1659710461,20220805,15538395933,123,41%,208,1224,135,normal,186,1404,24 Peças Suporte A Vácuo Anti-Celulite Acupuntura Massagem Com Ventosa,False
1659706894,20220805,15538395933,123,41%,208,1224,135,normal,185,1404,24 Peças Suporte A Vácuo Anti-Celulite Acupuntura Massagem Com Ventosa,False
1659703029,20220805,15538395933,123,41%,208,1224,135,normal,183,1404,24 Peças Suporte A Vácuo Anti-Celulite Acupuntura Massagem Com Ventosa,False
1659696127,20220805,15538395933,123,41%,208,1423,135,normal,182,1404,24 Peças Suporte A Vácuo Anti-Celulite Acupuntura Massagem Com Ventosa,False
1659677539,20220805,15538395933,123,41%,208,1423,135,normal,182,1405,24 Peças Suporte A Vácuo Anti-Celulite Acupuntura Massagem Com Ventosa,False
1659674843,20220805,15538395933,123,41%,208,1423,135,normal,182,1404,24 Peças Suporte A Vácuo Anti-Celulite Acupuntura Massagem Com Ventosa,False
1659671123,20220805,15538395933,123,41%,208,1423,135,normal,182,1403,24 Peças Suporte A Vácuo Anti-Celulite Acupuntura Massagem Com Ventosa,False
1659664223,20220805,15538395933,123,41%,208,1423,135,normal,181,1402,24 Peças Suporte A Vácuo Anti-Celulite Acupuntura Massagem Com Ventosa,False
1659652826,20220804,15538395933,123,41%,208,1423,135,normal,181,1400,24 Peças Suporte A Vácuo Anti-Celulite Acupuntura Massagem Com Ventosa,False
1659647794,20220804,15538395933,123,41%,208,1423,135,normal,181,1399,24 Peças Suporte A Vácuo Anti-Celulite Acupuntura Massagem Com Ventosa,False
1659645684,20220804,15538395933,123,41%,208,1423,135,normal,180,1397,24 Peças Suporte A Vácuo Anti-Celulite Acupuntura Massagem Com Ventosa,False
1659644399,20220804,15538395933,123,41%,208,1423,135,normal,180,1396,24 Peças Suporte A Vácuo Anti-Celulite Acupuntura Massagem Com Ventosa,False
1659640554,20220804,15538395933,123,41%,208,1423,135,normal,180,1395,24 Peças Suporte A Vácuo Anti-Celulite Acupuntura Massagem Com Ventosa,False
1659638846,20220804,15538395933,123,41%,208,1423,135,normal,179,1393,24 Peças Suporte A Vácuo Anti-Celulite Acupuntura Massagem Com Ventosa,False
1659637362,20220804,15538395933,123,41%,208,1423,135,normal,179,1392,24 Peças Suporte A Vácuo Anti-Celulite Acupuntura Massagem Com Ventosa,False
1659635149,20220804,15538395933,123,41%,208,1424,135,normal,179,1392,24 Peças Suporte A Vácuo Anti-Celulite Acupuntura Massagem Com Ventosa,False
1659632550,20220804,15538395933,123,41%,208,1424,135,normal,178,1391,24 Peças Suporte A Vácuo Anti-Celulite Acupuntura Massagem Com Ventosa,False
1659630517,20220804,15538395933,123,41%,208,1424,135,normal,177,1391,24 Peças Suporte A Vácuo Anti-Celulite Acupuntura Massagem Com Ventosa,False
1659626526,20220804,15538395933,123,41%,208,1424,127,normal,177,1391,24 Peças Suporte A Vácuo Anti-Celulite Acupuntura Massagem Com Ventosa,False
1659623942,20220804,15538395933,123,41%,208,1424,127,normal,177,1390,24 Peças Suporte A Vácuo Anti-Celulite Acupuntura Massagem Com Ventosa,False
1659622567,20220804,15538395933,123,41%,208,1425,127,normal,177,1389,24 Peças Suporte A Vácuo Anti-Celulite Acupuntura Massagem Com Ventosa,False
1659620274,20220804,15538395933,123,41%,208,1426,127,normal,177,1388,24 Peças Suporte A Vácuo Anti-Celulite Acupuntura Massagem Com Ventosa,False
1659616593,20220804,15538395933,123,41%,208,1427,127,normal,177,1386,24 Peças Suporte A Vácuo Anti-Celulite Acupuntura Massagem Com Ventosa,False
1659613058,20220804,15538395933,123,41%,208,1428,127,normal,175,1386,24 Peças Suporte A Vácuo Anti-Celulite Acupuntura Massagem Com Ventosa,False
1659608450,20220804,15538395933,123,41%,208,1427,127,normal,175,1386,24 Peças Suporte A Vácuo Anti-Celulite Acupuntura Massagem Com Ventosa,False
1659592050,20220804,15538395933,123,41%,208,1427,127,normal,175,1385,24 Peças Suporte A Vácuo Anti-Celulite Acupuntura Massagem Com Ventosa,False
1659589800,20220804,15538395933,123,41%,208,1427,127,normal,175,1384,24 Peças Suporte A Vácuo Anti-Celulite Acupuntura Massagem Com Ventosa,False
1659586990,20220804,15538395933,123,41%,208,1428,127,normal,175,1384,24 Peças Suporte A Vácuo Anti-Celulite Acupuntura Massagem Com Ventosa,False
1659583644,20220804,15538395933,123,41%,208,1429,127,normal,175,1384,24 Peças Suporte A Vácuo Anti-Celulite Acupuntura Massagem Com Ventosa,False
1659577689,20220804,15538395933,123,41%,208,1430,127,normal,174,1384,24 Peças Suporte A Vácuo Anti-Celulite Acupuntura Massagem Com Ventosa,False
1659570050,20220803,15538395933,123,41%,208,1433,127,normal,174,1382,24 Peças Suporte A Vácuo Anti-Celulite Acupuntura Massagem Com Ventosa,False
1659568747,20220803,15538395933,123,41%,208,1432,127,normal,174,1382,24 Peças Suporte A Vácuo Anti-Celulite Acupuntura Massagem Com Ventosa,False
1659565088,20220803,15538395933,123,41%,208,1433,127,normal,174,1379,24 Peças Suporte A Vácuo Anti-Celulite Acupuntura Massagem Com Ventosa,False
1659562798,20220803,15538395933,123,41%,208,1433,127,normal,174,1378,24 Peças Suporte A Vácuo Anti-Celulite Acupuntura Massagem Com Ventosa,False
1659561415,20220803,15538395933,123,41%,208,1433,127,normal,174,1377,24 Peças Suporte A Vácuo Anti-Celulite Acupuntura Massagem Com Ventosa,False
1659559285,20220803,15538395933,123,41%,208,1433,127,normal,174,1376,24 Peças Suporte A Vácuo Anti-Celulite Acupuntura Massagem Com Ventosa,False
1659557975,20220803,15538395933,123,41%,208,1434,127,normal,172,1376,24 Peças Suporte A Vácuo Anti-Celulite Acupuntura Massagem Com Ventosa,False
1659550985,20220803,15538395933,123,41%,208,1433,127,normal,171,1375,24 Peças Suporte A Vácuo Anti-Celulite Acupuntura Massagem Com Ventosa,False
1659547398,20220803,15538395933,123,41%,208,1433,127,normal,171,1374,24 Peças Suporte A Vácuo Anti-Celulite Acupuntura Massagem Com Ventosa,False
1659545828,20220803,15538395933,123,41%,208,1434,127,normal,171,1370,24 Peças Suporte A Vácuo Anti-Celulite Acupuntura Massagem Com Ventosa,False
1659543985,20220803,15538395933,123,41%,208,1435,127,normal,171,1370,24 Peças Suporte A Vácuo Anti-Celulite Acupuntura Massagem Com Ventosa,False
1659541626,20220803,15538395933,123,41%,208,1435,120,normal,170,1370,24 Peças Suporte A Vácuo Anti-Celulite Acupuntura Massagem Com Ventosa,False
1659540088,20220803,15538395933,123,41%,208,1435,120,normal,170,1368,24 Peças Suporte A Vácuo Anti-Celulite Acupuntura Massagem Com Ventosa,False
1659537559,20220803,15538395933,123,41%,208,1436,120,normal,170,1369,24 Peças Suporte A Vácuo Anti-Celulite Acupuntura Massagem Com Ventosa,False
1659536188,20220803,15538395933,123,41%,208,1436,120,normal,170,1368,24 Peças Suporte A Vácuo Anti-Celulite Acupuntura Massagem Com Ventosa,False
1659534017,20220803,15538395933,123,41%,208,1436,120,normal,169,1368,24 Peças Suporte A Vácuo Anti-Celulite Acupuntura Massagem Com Ventosa,False
1659530219,20220803,15538395933,123,41%,208,1435,120,normal,169,1368,24 Peças Suporte A Vácuo Anti-Celulite Acupuntura Massagem Com Ventosa,False
1659526677,20220803,15538395933,123,41%,208,1435,120,normal,168,1367,24 Peças Suporte A Vácuo Anti-Celulite Acupuntura Massagem Com Ventosa,False
1659522037,20220803,15538395933,123,41%,208,1435,120,normal,168,1366,24 Peças Suporte A Vácuo Anti-Celulite Acupuntura Massagem Com Ventosa,False
1659498902,20220803,15538395933,123,41%,208,1435,120,normal,168,1365,24 Peças Suporte A Vácuo Anti-Celulite Acupuntura Massagem Com Ventosa,False
1659491537,20220803,15538395933,123,41%,208,1436,120,normal,168,1360,24 Peças Suporte A Vácuo Anti-Celulite Acupuntura Massagem Com Ventosa,False
1659474974,20220802,15538395933,123,41%,208,1437,120,normal,168,1360,24 Peças Suporte A Vácuo Anti-Celulite Acupuntura Massagem Com Ventosa,False
1659471628,20220802,15538395933,123,41%,208,1437,120,normal,168,1361,24 Peças Suporte A Vácuo Anti-Celulite Acupuntura Massagem Com Ventosa,False
1659469028,20220802,15538395933,123,41%,208,1437,120,normal,167,1361,24 Peças Suporte A Vácuo Anti-Celulite Acupuntura Massagem Com Ventosa,False
1659466008,20220802,15538395933,123,41%,208,1438,120,normal,167,1361,24 Peças Suporte A Vácuo Anti-Celulite Acupuntura Massagem Com Ventosa,False
1659464564,20220802,15538395933,123,41%,208,1438,120,normal,167,1360,24 Peças Suporte A Vácuo Anti-Celulite Acupuntura Massagem Com Ventosa,False
1659459748,20220802,15538395933,123,41%,208,1438,120,normal,167,1359,24 Peças Suporte A Vácuo Anti-Celulite Acupuntura Massagem Com Ventosa,False
1659457587,20220802,15538395933,123,41%,208,1438,120,normal,167,1358,24 Peças Suporte A Vácuo Anti-Celulite Acupuntura Massagem Com Ventosa,False
1659455006,20220802,15538395933,123,41%,208,1438,115,normal,167,1357,24 Peças Suporte A Vácuo Anti-Celulite Acupuntura Massagem Com Ventosa,False
1659453556,20220802,15538395933,123,41%,208,1438,115,normal,167,1355,24 Peças Suporte A Vácuo Anti-Celulite Acupuntura Massagem Com Ventosa,False
1659451239,20220802,15538395933,123,41%,208,1440,115,normal,167,1355,24 Peças Suporte A Vácuo Anti-Celulite Acupuntura Massagem Com Ventosa,False
1659449866,20220802,15538395933,123,41%,208,1441,115,normal,167,1352,24 Peças Suporte A Vácuo Anti-Celulite Acupuntura Massagem Com Ventosa,False
1659447632,20220802,15538395933,123,41%,208,1442,115,normal,167,1352,24 Peças Suporte A Vácuo Anti-Celulite Acupuntura Massagem Com Ventosa,False
1659444021,20220802,15538395933,123,41%,208,1443,115,normal,166,1351,24 Peças Suporte A Vácuo Anti-Celulite Acupuntura Massagem Com Ventosa,False
1659438945,20220802,15538395933,123,41%,208,1443,115,normal,164,1351,24 Peças Suporte A Vácuo Anti-Celulite Acupuntura Massagem Com Ventosa,False
1659435808,20220802,15538395933,123,41%,208,1444,115,normal,164,1351,24 Peças Suporte A Vácuo Anti-Celulite Acupuntura Massagem Com Ventosa,False
1659418322,20220802,15538395933,123,41%,208,1439,115,normal,164,1351,24 Peças Suporte A Vácuo Anti-Celulite Acupuntura Massagem Com Ventosa,False
1659413727,20220802,15538395933,123,41%,208,1439,115,normal,164,1350,24 Peças Suporte A Vácuo Anti-Celulite Acupuntura Massagem Com Ventosa,False
1659405953,20220802,15538395933,123,41%,208,1440,115,normal,163,1347,24 Peças Suporte A Vácuo Anti-Celulite Acupuntura Massagem Com Ventosa,False
1659397347,20220801,15538395933,123,41%,208,1442,115,normal,163,1345,24 Peças Suporte A Vácuo Anti-Celulite Acupuntura Massagem Com Ventosa,False
1659396074,20220801,15538395933,123,41%,208,1442,115,normal,162,1345,24 Peças Suporte A Vácuo Anti-Celulite Acupuntura Massagem Com Ventosa,False
1659393730,20220801,15538395933,123,41%,208,1443,115,normal,162,1345,24 Peças Suporte A Vácuo Anti-Celulite Acupuntura Massagem Com Ventosa,False
1659392394,20220801,15538395933,123,41%,208,1443,115,normal,162,1343,24 Peças Suporte A Vácuo Anti-Celulite Acupuntura Massagem Com Ventosa,False
1659390117,20220801,15538395933,123,41%,208,1443,115,normal,162,1341,24 Peças Suporte A Vácuo Anti-Celulite Acupuntura Massagem Com Ventosa,False
1659382643,20220801,15538395933,123,41%,208,1443,115,normal,161,1337,24 Peças Suporte A Vácuo Anti-Celulite Acupuntura Massagem Com Ventosa,False
1659379896,20220801,15538395933,123,41%,208,1442,115,normal,161,1337,24 Peças Suporte A Vácuo Anti-Celulite Acupuntura Massagem Com Ventosa,False
1659375940,20220801,15538395933,123,41%,208,1442,115,normal,161,1338,24 Peças Suporte A Vácuo Anti-Celulite Acupuntura Massagem Com Ventosa,False
1659373394,20220801,15538395933,123,41%,208,1442,115,normal,160,1337,24 Peças Suporte A Vácuo Anti-Celulite Acupuntura Massagem Com Ventosa,False
1659371294,20220801,15538395933,123,41%,208,1441,115,normal,160,1337,24 Peças Suporte A Vácuo Anti-Celulite Acupuntura Massagem Com Ventosa,False
1659367372,20220801,15538395933,123,41%,208,1441,114,normal,160,1337,24 Peças Suporte A Vácuo Anti-Celulite Acupuntura Massagem Com Ventosa,False
1659364831,20220801,15538395933,123,41%,208,1441,114,normal,160,1336,24 Peças Suporte A Vácuo Anti-Celulite Acupuntura Massagem Com Ventosa,False
1659361436,20220801,15538395933,123,41%,208,1442,114,normal,160,1334,24 Peças Suporte A Vácuo Anti-Celulite Acupuntura Massagem Com Ventosa,False
1659357434,20220801,15538395933,123,41%,208,1443,114,normal,159,1333,24 Peças Suporte A Vácuo Anti-Celulite Acupuntura Massagem Com Ventosa,False
1659353870,20220801,15538395933,123,41%,208,1442,114,normal,159,1332,24 Peças Suporte A Vácuo Anti-Celulite Acupuntura Massagem Com Ventosa,False
1659346946,20220801,15538395933,123,41%,208,1442,114,normal,159,1333,24 Peças Suporte A Vácuo Anti-Celulite Acupuntura Massagem Com Ventosa,False
1659335744,20220801,15538395933,123,41%,208,1443,114,normal,159,1333,24 Peças Suporte A Vácuo Anti-Celulite Acupuntura Massagem Com Ventosa,False
1659332454,20220801,15538395933,123,41%,208,1009,114,normal,159,1333,24 Peças Suporte A Vácuo Anti-Celulite Acupuntura Massagem Com Ventosa,False
1659327402,20220801,15538395933,123,41%,208,1009,114,normal,158,1333,24 Peças Suporte A Vácuo Anti-Celulite Acupuntura Massagem Com Ventosa,False
1659319292,20220801,15538395933,119,43%,208,434,114,normal,158,1329,24 Peças Suporte A Vácuo Anti-Celulite Acupuntura Massagem Com Ventosa,False
1659309507,20220731,15538395933,119,43%,208,436,114,normal,157,1324,24 Peças Suporte A Vácuo Anti-Celulite Acupuntura Massagem Com Ventosa,False
1659307176,20220731,15538395933,119,43%,208,437,114,normal,157,1324,24 Peças Suporte A Vácuo Anti-Celulite Acupuntura Massagem Com Ventosa,False
1659305811,20220731,15538395933,119,43%,208,437,114,normal,157,1325,24 Peças Suporte A Vácuo Anti-Celulite Acupuntura Massagem Com Ventosa,False
1659302113,20220731,15538395933,119,43%,208,438,114,normal,157,1325,24 Peças Suporte A Vácuo Anti-Celulite Acupuntura Massagem Com Ventosa,False
1659296234,20220731,15538395933,119,43%,208,438,114,normal,157,1323,24 Peças Suporte A Vácuo Anti-Celulite Acupuntura Massagem Com Ventosa,False
1659287837,20220731,15538395933,119,43%,208,438,114,normal,157,1322,24 Peças Suporte A Vácuo Anti-Celulite Acupuntura Massagem Com Ventosa,False
1659286371,20220731,15538395933,119,43%,208,438,114,normal,157,1319,24 Peças Suporte A Vácuo Anti-Celulite Acupuntura Massagem Com Ventosa,False
1659284615,20220731,15538395933,119,43%,208,440,112,normal,157,1319,24 Peças Suporte A Vácuo Anti-Celulite Acupuntura Massagem Com Ventosa,False
1659280681,20220731,15538395933,119,43%,208,440,112,normal,157,1318,24 Peças Suporte A Vácuo Anti-Celulite Acupuntura Massagem Com Ventosa,False
1659276965,20220731,15538395933,119,43%,208,441,112,normal,157,1318,24 Peças Suporte A Vácuo Anti-Celulite Acupuntura Massagem Com Ventosa,False
1659274057,20220731,15538395933,119,43%,208,441,112,normal,157,1319,24 Peças Suporte A Vácuo Anti-Celulite Acupuntura Massagem Com Ventosa,False
1659270788,20220731,15538395933,119,43%,208,441,112,normal,157,1318,24 Peças Suporte A Vácuo Anti-Celulite Acupuntura Massagem Com Ventosa,False
1659239384,20220731,15538395933,119,43%,208,442,112,normal,157,1317,24 Peças Suporte A Vácuo Anti-Celulite Acupuntura Massagem Com Ventosa,False
1659232968,20220731,15538395933,119,43%,208,443,112,normal,157,1316,24 Peças Suporte A Vácuo Anti-Celulite Acupuntura Massagem Com Ventosa,False
1659223037,20220730,15538395933,119,43%,208,445,112,normal,157,1313,24 Peças Suporte A Vácuo Anti-Celulite Acupuntura Massagem Com Ventosa,False
1659208451,20220730,15538395933,119,43%,208,445,112,normal,157,1312,24 Peças Suporte A Vácuo Anti-Celulite Acupuntura Massagem Com Ventosa,False
1659205248,20220730,15538395933,119,43%,208,445,112,normal,157,1311,24 Peças Suporte A Vácuo Anti-Celulite Acupuntura Massagem Com Ventosa,False
1659199986,20220730,15538395933,119,43%,208,445,112,normal,157,1310,24 Peças Suporte A Vácuo Anti-Celulite Acupuntura Massagem Com Ventosa,False
1659198249,20220730,15538395933,119,43%,208,445,111,normal,157,1310,24 Peças Suporte A Vácuo Anti-Celulite Acupuntura Massagem Com Ventosa,False
1659190570,20220730,15538395933,119,43%,208,446,111,normal,157,1310,24 Peças Suporte A Vácuo Anti-Celulite Acupuntura Massagem Com Ventosa,False
1659187566,20220730,15538395933,119,43%,208,446,111,normal,156,1310,24 Peças Suporte A Vácuo Anti-Celulite Acupuntura Massagem Com Ventosa,False
1659181075,20220730,15538395933,119,43%,208,446,111,normal,156,1308,24 Peças Suporte A Vácuo Anti-Celulite Acupuntura Massagem Com Ventosa,False
