data/master.csv
time,date,itemid,price,discount,price_before_discount,stock,sold,item_status,cmt_count,liked_count,item_name,is_latest
1659179788,20220730,15538395933,119,43%,208,446,111,normal,155,1308,24 Peças Suporte A Vácuo Anti-Celulite Acupuntura Massagem Com Ventosa,False
1659177662,20220730,15538395933,119,43%,208,446,111,normal,155,1307,24 Peças Suporte A Vácuo Anti-Celulite Acupuntura Massagem Com Ventosa,False
1659172597,20220730,15538395933,119,43%,208,446,111,normal,154,1306,24 Peças Suporte A Vácuo Anti-Celulite Acupuntura Massagem Com Ventosa,False
1659155951,20220730,15538395933,119,43%,208,446,111,normal,154,1305,24 Peças Suporte A Vácuo Anti-Celulite Acupuntura Massagem Com Ventosa,False
1659152914,20220730,15538395933,119,43%,208,446,111,normal,154,1303,24 Peças Suporte A Vácuo Anti-Celulite Acupuntura Massagem Com Ventosa,False
1659145795,20220730,15538395933,119,43%,208,447,111,normal,154,1301,24 Peças Suporte A Vácuo Anti-Celulite Acupuntura Massagem Com Ventosa,False
1659133077,20220729,15538395933,119,43%,208,447,111,normal,154,1298,24 Peças Suporte A Vácuo Anti-Celulite Acupuntura Massagem Com Ventosa,False
1659125969,20220729,15538395933,119,43%,208,447,111,normal,154,1295,24 Peças Suporte A Vácuo Anti-Celulite Acupuntura Massagem Com Ventosa,False
1659122101,20220729,15538395933,119,43%,208,447,111,normal,153,1295,24 Peças Suporte A Vácuo Anti-Celulite Acupuntura Massagem Com Ventosa,False
1659119014,20220729,15538395933,119,43%,208,447,111,normal,153,1296,24 Peças Suporte A Vácuo Anti-Celulite Acupuntura Massagem Com Ventosa,False
1659115640,20220729,15538395933,119,43%,208,447,111,normal,153,1295,24 Peças Suporte A Vácuo Anti-Celulite Acupuntura Massagem Com Ventosa,False
1659113946,20220729,15538395933,119,43%,208,448,111,normal,153,1293,24 Peças Suporte A Vácuo Anti-Celulite Acupuntura Massagem Com Ventosa,False
1659112064,20220729,15538395933,119,43%,208,448,112,normal,153,1293,24 Peças Suporte A Vácuo Anti-Celulite Acupuntura Massagem Com Ventosa,False
1659108178,20220729,15538395933,119,43%,208,451,112,normal,153,1293,24 Peças Suporte A Vácuo Anti-Celulite Acupuntura Massagem Com Ventosa,False
1659105531,20220729,15538395933,119,43%,208,451,112,normal,153,1292,24 Peças Suporte A Vácuo Anti-Celulite Acupuntura Massagem Com Ventosa,False
1659104162,20220729,15538395933,119,43%,208,451,112,normal,153,1291,24 Peças Suporte A Vácuo Anti-Celulite Acupuntura Massagem Com Ventosa,False
1659094639,20220729,15538395933,119,43%,208,452,112,normal,153,1290,24 Peças Suporte A Vácuo Anti-Celulite Acupuntura Massagem Com Ventosa,False
1659091515,20220729,15538395933,119,43%,208,451,112,normal,153,1290,24 Peças Suporte A Vácuo Anti-Celulite Acupuntura Massagem Com Ventosa,False
1659070293,20220729,15538395933,119,43%,208,451,112,normal,153,1289,24 Peças Suporte A Vácuo Anti-Celulite Acupuntura Massagem Com Ventosa,False
1659066862,20220729,15538395933,119,43%,208,451,112,normal,153,1288,24 Peças Suporte A Vácuo Anti-Celulite Acupuntura Massagem Com Ventosa,False
1659059948,20220729,15538395933,119,43%,208,453,112,normal,153,1288,24 Peças Suporte A Vácuo Anti-Celulite Acupuntura Massagem Com Ventosa,False
1659051669,20220728,15538395933,119,43%,208,455,112,normal,153,1286,24 Peças Suporte A Vácuo Anti-Celulite Acupuntura Massagem Com Ventosa,False
1659039633,20220728,15538395933,119,43%,208,456,112,normal,153,1286,24 Peças Suporte A Vácuo Anti-Celulite Acupuntura Massagem Com Ventosa,False
1659035670,20220728,15538395933,119,43%,208,455,112,normal,153,1286,24 Peças Suporte A Vácuo Anti-Celulite Acupuntura Massagem Com Ventosa,False
1659034178,20220728,15538395933,119,43%,208,457,112,normal,153,1286,24 Peças Suporte A Vácuo Anti-Celulite Acupuntura Massagem Com Ventosa,False
1659032689,20220728,15538395933,119,43%,208,458,112,normal,153,1285,24 Peças Suporte A Vácuo Anti-Celulite Acupuntura Massagem Com Ventosa,False
1659027997,20220728,15538395933,119,43%,208,459,112,normal,153,1285,24 Peças Suporte A Vácuo Anti-Celulite Acupuntura Massagem Com Ventosa,False
1659025819,20220728,15538395933,119,43%,208,459,113,normal,152,1285,24 Peças Suporte A Vácuo Anti-Celulite Acupuntura Massagem Com Ventosa,False
1659023067,20220728,15538395933,119,43%,208,460,113,normal,152,1285,24 Peças Suporte A Vácuo Anti-Celulite Acupuntura Massagem Com Ventosa,False
1659021530,20220728,15538395933,119,43%,208,461,113,normal,152,1286,24 Peças Suporte A Vácuo Anti-Celulite Acupuntura Massagem Com Ventosa,False
1659018012,20220728,15538395933,119,43%,208,462,113,normal,151,1284,24 Peças Suporte A Vácuo Anti-Celulite Acupuntura Massagem Com Ventosa,False
1659015742,20220728,15538395933,119,43%,208,462,113,normal,151,1283,24 Peças Suporte A Vácuo Anti-Celulite Acupuntura Massagem Com Ventosa,False
1659008274,20220728,15538395933,119,43%,208,462,113,normal,150,1282,24 Peças Suporte A Vácuo Anti-Celulite Acupuntura Massagem Com Ventosa,False
1659005081,20220728,15538395933,119,43%,208,463,113,normal,150,1282,24 Peças Suporte A Vácuo Anti-Celulite Acupuntura Massagem Com Ventosa,False
1658997999,20220728,15538395933,119,43%,208,462,113,normal,150,1282,24 Peças Suporte A Vácuo Anti-Celulite Acupuntura Massagem Com Ventosa,False
1658983476,20220728,15538395933,119,43%,208,462,113,normal,150,1281,24 Peças Suporte A Vácuo Anti-Celulite Acupuntura Massagem Com Ventosa,False
1658979933,20220728,15538395933,119,43%,208,462,113,normal,150,1279,24 Peças Suporte A Vácuo Anti-Celulite Acupuntura Massagem Com Ventosa,False
1658972989,20220728,15538395933,119,43%,208,463,113,normal,150,1275,24 Peças Suporte A Vácuo Anti-Celulite Acupuntura Massagem Com Ventosa,False
1658965188,20220727,15538395933,119,43%,208,466,113,normal,150,1270,24 Peças Suporte A Vácuo Anti-Celulite Acupuntura Massagem Com Ventosa,False
1658963876,20220727,15538395933,119,43%,208,466,113,normal,150,1269,24 Peças Suporte A Vácuo Anti-Celulite Acupuntura Massagem Com Ventosa,False
1658960305,20220727,15538395933,119,43%,208,466,113,normal,150,1268,24 Peças Suporte A Vácuo Anti-Celulite Acupuntura Massagem Com Ventosa,False
1658954416,20220727,15538395933,119,43%,208,468,113,normal,150,1267,24 Peças Suporte A Vácuo Anti-Celulite Acupuntura Massagem Com Ventosa,False
1658953117,20220727,15538395933,119,43%,208,467,113,normal,150,1267,24 Peças Suporte A Vácuo Anti-Celulite Acupuntura Massagem Com Ventosa,False
1658949407,20220727,15538395933,119,43%,208,470,113,normal,150,1267,24 Peças Suporte A Vácuo Anti-Celulite Acupuntura Massagem Com Ventosa,False
1658947553,20220727,15538395933,119,43%,208,471,113,normal,150,1267,24 Peças Suporte A Vácuo Anti-Celulite Acupuntura Massagem Com Ventosa,False
1658946127,20220727,15538395933,119,43%,208,471,113,normal,150,1266,24 Peças Suporte A Vácuo Anti-Celulite Acupuntura Massagem Com Ventosa,False
1658939315,20220727,15538395933,119,43%,208,472,113,normal,150,1266,24 Peças Suporte A Vácuo Anti-Celulite Acupuntura Massagem Com Ventosa,False
1658936633,20220727,15538395933,119,43%,208,472,105,normal,150,1266,24 Peças Suporte A Vácuo Anti-Celulite Acupuntura Massagem Com Ventosa,False
1658935218,20220727,15538395933,119,43%,208,472,105,normal,150,1265,24 Peças Suporte A Vácuo Anti-Celulite Acupuntura Massagem Com Ventosa,False
1658929505,20220727,15538395933,119,43%,208,472,105,normal,150,1266,24 Peças Suporte A Vácuo Anti-Celulite Acupuntura Massagem Com Ventosa,False
1658913466,20220727,15538395933,119,43%,208,473,105,normal,150,1265,24 Peças Suporte A Vácuo Anti-Celulite Acupuntura Massagem Com Ventosa,False
1658910273,20220727,15538395933,119,43%,208,474,105,normal,150,1265,24 Peças Suporte A Vácuo Anti-Celulite Acupuntura Massagem Com Ventosa,False
1658906275,20220727,15538395933,119,43%,208,475,105,normal,150,1265,24 Peças Suporte A Vácuo Anti-Celulite Acupuntura Massagem Com Ventosa,False
1658897673,20220727,15538395933,119,43%,208,475,105,normal,150,1264,24 Peças Suporte A Vácuo Anti-Celulite Acupuntura Massagem Com Ventosa,False
1658893951,20220727,15538395933,119,43%,208,475,105,normal,150,1263,24 Peças Suporte A Vácuo Anti-Celulite Acupuntura Massagem Com Ventosa,False
1658887043,20220727,15538395933,119,43%,208,475,105,normal,149,1263,24 Peças Suporte A Vácuo Anti-Celulite Acupuntura Massagem Com Ventosa,False
1658878791,20220726,15538395933,119,43%,208,477,105,normal,148,1262,24 Peças Suporte A Vácuo Anti-Celulite Acupuntura Massagem Com Ventosa,False
1658873971,20220726,15538395933,119,43%,208,477,105,normal,148,1261,24 Peças Suporte A Vácuo Anti-Celulite Acupuntura Massagem Com Ventosa,False
1658868085,20220726,15538395933,119,43%,208,478,105,normal,147,1261,24 Peças Suporte A Vácuo Anti-Celulite Acupuntura Massagem Com Ventosa,False
1658862918,20220726,15538395933,119,43%,208,479,105,normal,147,1260,24 Peças Suporte A Vácuo Anti-Celulite Acupuntura Massagem Com Ventosa,False
1658861264,20220726,15538395933,119,43%,208,479,105,normal,147,1259,24 Peças Suporte A Vácuo Anti-Celulite Acupuntura Massagem Com Ventosa,False
1658859783,20220726,15538395933,119,43%,208,479,105,normal,147,1257,24 Peças Suporte A Vácuo Anti-Celulite Acupuntura Massagem Com Ventosa,False
1658856303,20220726,15538395933,119,43%,208,479,105,normal,146,1257,24 Peças Suporte A Vácuo Anti-Celulite Acupuntura Massagem Com Ventosa,False
1658852801,20220726,15538395933,119,43%,208,480,105,normal,146,1257,24 Peças Suporte A Vácuo Anti-Celulite Acupuntura Massagem Com Ventosa,False
1658848854,20220726,15538395933,119,43%,208,480,101,normal,146,1256,24 Peças Suporte A Vácuo Anti-Celulite Acupuntura Massagem Com Ventosa,False
1658844993,20220726,15538395933,119,43%,208,481,101,normal,146,1256,24 Peças Suporte A Vácuo Anti-Celulite Acupuntura Massagem Com Ventosa,False
1658842817,20220726,15538395933,119,43%,208,481,101,normal,146,1257,24 Peças Suporte A Vácuo Anti-Celulite Acupuntura Massagem Com Ventosa,False
1658839024,20220726,15538395933,119,43%,208,482,101,normal,146,1257,24 Peças Suporte A Vácuo Anti-Celulite Acupuntura Massagem Com Ventosa,False
1658828451,20220726,15538395933,119,43%,208,483,101,normal,146,1257,24 Peças Suporte A Vácuo Anti-Celulite Acupuntura Massagem Com Ventosa,False
1658808627,20220726,15538395933,119,43%,208,484,101,normal,146,1257,24 Peças Suporte A Vácuo Anti-Celulite Acupuntura Massagem Com Ventosa,False
1658800824,20220726,15538395933,119,43%,208,486,101,normal,145,1256,24 Peças Suporte A Vácuo Anti-Celulite Acupuntura Massagem Com Ventosa,False
1658792437,20220725,15538395933,119,43%,208,489,101,normal,145,1254,24 Peças Suporte A Vácuo Anti-Celulite Acupuntura Massagem Com Ventosa,False
1658791134,20220725,15538395933,119,43%,208,489,101,normal,145,1253,24 Peças Suporte A Vácuo Anti-Celulite Acupuntura Massagem Com Ventosa,False
1658788801,20220725,15538395933,119,43%,208,490,101,normal,145,1253,24 Peças Suporte A Vácuo Anti-Celulite Acupuntura Massagem Com Ventosa,False
1658787445,20220725,15538395933,119,43%,208,492,101,normal,144,1253,24 Peças Suporte A Vácuo Anti-Celulite Acupuntura Massagem Com Ventosa,False
1658781621,20220725,15538395933,119,43%,208,494,101,normal,144,1252,24 Peças Suporte A Vácuo Anti-Celulite Acupuntura Massagem Com Ventosa,False
1658780319,20220725,15538395933,119,43%,208,494,101,normal,143,1252,24 Peças Suporte A Vácuo Anti-Celulite Acupuntura Massagem Com Ventosa,False
1658777973,20220725,15538395933,119,43%,208,495,101,normal,143,1252,24 Peças Suporte A Vácuo Anti-Celulite Acupuntura Massagem Com Ventosa,False
1658774949,20220725,15538395933,119,43%,208,496,101,normal,143,1252,24 Peças Suporte A Vácuo Anti-Celulite Acupuntura Massagem Com Ventosa,False
1658771253,20220725,15538395933,119,43%,208,497,101,normal,143,1252,24 Peças Suporte A Vácuo Anti-Celulite Acupuntura Massagem Com Ventosa,False
1658770225,20220725,15538395933,119,43%,208,497,101,normal,143,1251,24 Peças Suporte A Vácuo Anti-Celulite Acupuntura Massagem Com Ventosa,False
1658768366,20220725,15538395933,119,43%,208,497,101,normal,143,1250,24 Peças Suporte A Vácuo Anti-Celulite Acupuntura Massagem Com Ventosa,False
1658766403,20220725,15538395933,119,43%,208,498,101,normal,143,1249,24 Peças Suporte A Vácuo Anti-Celulite Acupuntura Massagem Com Ventosa,False
1658762409,20220725,15538395933,119,43%,208,498,101,normal,143,1248,24 Peças Suporte A Vácuo Anti-Celulite Acupuntura Massagem Com Ventosa,False
1658758672,20220725,15538395933,119,43%,208,499,101,normal,143,1248,24 Peças Suporte A Vácuo Anti-Celulite Acupuntura Massagem Com Ventosa,False
1658752737,20220725,15538395933,119,43%,208,500,101,normal,143,1248,24 Peças Suporte A Vácuo Anti-Celulite Acupuntura Massagem Com Ventosa,False
1658720916,20220725,15538395933,119,43%,208,500,101,normal,142,1245,24 Peças Suporte A Vácuo Anti-Celulite Acupuntura Massagem Com Ventosa,False
1658713876,20220725,15538395933,123,41%,208,1013,101,normal,141,1242,24 Peças Suporte A Vácuo Anti-Celulite Acupuntura Massagem Com Ventosa,False
1658704665,20220724,15538395933,123,41%,208,1015,101,normal,141,1238,24 Peças Suporte A Vácuo Anti-Celulite Acupuntura Massagem Com Ventosa,False
1658701047,20220724,15538395933,123,41%,208,1016,101,normal,141,1238,24 Peças Suporte A Vácuo Anti-Celulite Acupuntura Massagem Com Ventosa,False
1658698775,20220724,15538395933,123,41%,208,1017,101,normal,141,1238,24 Peças Suporte A Vácuo Anti-Celulite Acupuntura Massagem Com Ventosa,False
1658697358,20220724,15538395933,123,41%,208,1017,101,normal,141,1237,24 Peças Suporte A Vácuo Anti-Celulite Acupuntura Massagem Com Ventosa,False
1658695281,20220724,15538395933,123,41%,208,1017,101,normal,141,1236,24 Peças Suporte A Vácuo Anti-Celulite Acupuntura Massagem Com Ventosa,False
1658693938,20220724,15538395933,123,41%,208,1018,101,normal,141,1235,24 Peças Suporte A Vácuo Anti-Celulite Acupuntura Massagem Com Ventosa,False
1658688377,20220724,15538395933,123,41%,208,1018,101,normal,141,1234,24 Peças Suporte A Vácuo Anti-Celulite Acupuntura Massagem Com Ventosa,False
1658681769,20220724,15538395933,123,41%,208,1018,101,normal,141,1233,24 Peças Suporte A Vácuo Anti-Celulite Acupuntura Massagem Com Ventosa,False
1658679942,20220724,15538395933,123,41%,208,1019,101,normal,141,1233,24 Peças Suporte A Vácuo Anti-Celulite Acupuntura Massagem Com Ventosa,False
1658672171,20220724,15538395933,123,41%,208,1018,101,normal,141,1232,24 Peças Suporte A Vácuo Anti-Celulite Acupuntura Massagem Com Ventosa,False
1658670478,20220724,15538395933,123,41%,208,1019,101,normal,141,1232,24 Peças Suporte A Vácuo Anti-Celulite Acupuntura Massagem Com Ventosa,False
1658669384,20220724,15538395933,123,41%,208,1519,101,normal,141,1232,24 Peças Suporte A Vácuo Anti-Celulite Acupuntura Massagem Com Ventosa,False
1658657969,20220724,15538395933,119,42%,208,500,101,normal,141,1231,24 Peças Suporte A Vácuo Anti-Celulite Acupuntura Massagem Com Ventosa,False
1658654262,20220724,15538395933,119,42%,208,500,101,normal,141,1230,24 Peças Suporte A Vácuo Anti-Celulite Acupuntura Massagem Com Ventosa,False
1658640005,20220724,15538395933,123,41%,208,1019,101,normal,141,1230,24 Peças Suporte A Vácuo Anti-Celulite Acupuntura Massagem Com Ventosa,False
1658637246,20220724,15538395933,123,41%,208,1019,101,normal,141,1229,24 Peças Suporte A Vácuo Anti-Celulite Acupuntura Massagem Com Ventosa,False
1658627916,20220724,15538395933,123,41%,208,1519,101,normal,141,1229,24 Peças Suporte A Vácuo Anti-Celulite Acupuntura Massagem Com Ventosa,False
1658619621,20220723,15538395933,123,41%,208,1519,101,normal,140,1228,24 Peças Suporte A Vácuo Anti-Celulite Acupuntura Massagem Com Ventosa,False
1658614635,20220723,15538395933,123,41%,208,1520,101,normal,140,1227,24 Peças Suporte A Vácuo Anti-Celulite Acupuntura Massagem Com Ventosa,False
1658596764,20220723,15538395933,123,41%,208,1521,101,normal,140,1226,24 Peças Suporte A Vácuo Anti-Celulite Acupuntura Massagem Com Ventosa,False
1658593505,20220723,15538395933,123,41%,208,1521,101,normal,140,1225,24 Peças Suporte A Vácuo Anti-Celulite Acupuntura Massagem Com Ventosa,False
1658582910,20220723,15538395933,123,41%,208,1523,97,normal,140,1224,24 Peças Suporte A Vácuo Anti-Celulite Acupuntura Massagem Com Ventosa,False
1658579530,20220723,15538395933,123,41%,208,1521,97,normal,140,1224,24 Peças Suporte A Vácuo Anti-Celulite Acupuntura Massagem Com Ventosa,False
1658574943,20220723,15538395933,123,41%,208,1522,97,normal,140,1223,24 Peças Suporte A Vácuo Anti-Celulite Acupuntura Massagem Com Ventosa,False
1658547366,20220723,15538395933,123,41%,208,1522,97,normal,140,1222,24 Peças Suporte A Vácuo Anti-Celulite Acupuntura Massagem Com Ventosa,False
1658541035,20220723,15538395933,123,41%,208,1519,97,normal,140,1221,24 Peças Suporte A Vácuo Anti-Celulite Acupuntura Massagem Com Ventosa,False
1658528405,20220722,15538395933,123,41%,208,1523,97,normal,139,1221,24 Peças Suporte A Vácuo Anti-Celulite Acupuntura Massagem Com Ventosa,False
1658515738,20220722,15538395933,123,41%,208,1524,97,normal,139,1220,24 Peças Suporte A Vácuo Anti-Celulite Acupuntura Massagem Com Ventosa,False
1658514258,20220722,15538395933,123,41%,208,1523,97,normal,139,1219,24 Peças Suporte A Vácuo Anti-Celulite Acupuntura Massagem Com Ventosa,False
1658509595,20220722,15538395933,123,41%,208,1523,97,normal,139,1217,24 Peças Suporte A Vácuo Anti-Celulite Acupuntura Massagem Com Ventosa,False
1658507420,20220722,15538395933,123,41%,208,1523,97,normal,139,1216,24 Peças Suporte A Vácuo Anti-Celulite Acupuntura Massagem Com Ventosa,False
1658504679,20220722,15538395933,123,41%,208,1523,100,normal,139,1215,24 Peças Suporte A Vácuo Anti-Celulite Acupuntura Massagem Com Ventosa,False
1658500867,20220722,15538395933,123,41%,208,1524,100,normal,139,1215,24 Peças Suporte A Vácuo Anti-Celulite Acupuntura Massagem Com Ventosa,False
1658497034,20220722,15538395933,123,41%,208,1526,100,normal,139,1215,24 Peças Suporte A Vácuo Anti-Celulite Acupuntura Massagem Com Ventosa,False
1658493381,20220722,15538395933,123,41%,208,1527,100,normal,139,1215,24 Peças Suporte A Vácuo Anti-Celulite Acupuntura Massagem Com Ventosa,False
