data/master.csv
time,date,itemid,price,discount,price_before_discount,stock,sold,item_status,cmt_count,liked_count,item_name,is_latest
1658488580,20220722,15538395933,123,41%,208,1529,100,normal,139,1213,24 Peças Suporte A Vácuo Anti-Celulite Acupuntura Massagem Com Ventosa,False
1658486702,20220722,15538395933,123,41%,208,1528,100,normal,139,1213,24 Peças Suporte A Vácuo Anti-Celulite Acupuntura Massagem Com Ventosa,False
1658478366,20220722,15538395933,123,41%,208,1528,100,normal,139,1212,24 Peças Suporte A Vácuo Anti-Celulite Acupuntura Massagem Com Ventosa,False
1658467610,20220722,15538395933,123,41%,208,1528,100,normal,139,1211,24 Peças Suporte A Vácuo Anti-Celulite Acupuntura Massagem Com Ventosa,False
1658461840,20220722,15538395933,123,41%,208,1527,100,normal,139,1211,24 Peças Suporte A Vácuo Anti-Celulite Acupuntura Massagem Com Ventosa,False
1658454891,20220722,15538395933,123,41%,208,1526,100,normal,139,1207,24 Peças Suporte A Vácuo Anti-Celulite Acupuntura Massagem Com Ventosa,False
1658446905,20220721,15538395933,123,41%,208,1525,100,normal,137,1203,24 Peças Suporte A Vácuo Anti-Celulite Acupuntura Massagem Com Ventosa,False
1658445578,20220721,15538395933,123,41%,208,1524,100,normal,137,1202,24 Peças Suporte A Vácuo Anti-Celulite Acupuntura Massagem Com Ventosa,False
1658439719,20220721,15538395933,123,41%,208,1524,100,normal,137,1201,24 Peças Suporte A Vácuo Anti-Celulite Acupuntura Massagem Com Ventosa,False
1658429561,20220721,15538395933,123,41%,208,1525,100,normal,137,1201,24 Peças Suporte A Vácuo Anti-Celulite Acupuntura Massagem Com Ventosa,False
1658420770,20220721,15538395933,123,41%,208,1526,100,normal,137,1201,24 Peças Suporte A Vácuo Anti-Celulite Acupuntura Massagem Com Ventosa,False
1658418356,20220721,15538395933,123,41%,208,1526,100,normal,137,1200,24 Peças Suporte A Vácuo Anti-Celulite Acupuntura Massagem Com Ventosa,False
1658417070,20220721,15538395933,123,41%,208,1528,100,normal,137,1199,24 Peças Suporte A Vácuo Anti-Celulite Acupuntura Massagem Com Ventosa,False
1658414670,20220721,15538395933,123,41%,208,1527,100,normal,137,1199,24 Peças Suporte A Vácuo Anti-Celulite Acupuntura Massagem Com Ventosa,False
1658413017,20220721,15538395933,123,41%,208,1527,100,normal,136,1199,24 Peças Suporte A Vácuo Anti-Celulite Acupuntura Massagem Com Ventosa,False
1658410843,20220721,15538395933,123,41%,208,1528,100,normal,136,1198,24 Peças Suporte A Vácuo Anti-Celulite Acupuntura Massagem Com Ventosa,False
1658407151,20220721,15538395933,123,41%,208,1530,100,normal,136,1198,24 Peças Suporte A Vácuo Anti-Celulite Acupuntura Massagem Com Ventosa,False
1658400316,20220721,15538395933,123,41%,208,1531,100,normal,136,1197,24 Peças Suporte A Vácuo Anti-Celulite Acupuntura Massagem Com Ventosa,False
1658398883,20220721,15538395933,123,41%,208,1532,100,normal,136,1197,24 Peças Suporte A Vácuo Anti-Celulite Acupuntura Massagem Com Ventosa,False
1658384679,20220721,15538395933,123,41%,208,1532,100,normal,136,1196,24 Peças Suporte A Vácuo Anti-Celulite Acupuntura Massagem Com Ventosa,False
1658381311,20220721,15538395933,123,41%,208,1533,100,normal,136,1196,24 Peças Suporte A Vácuo Anti-Celulite Acupuntura Massagem Com Ventosa,False
1658374984,20220721,15538395933,123,41%,208,1534,100,normal,136,1196,24 Peças Suporte A Vácuo Anti-Celulite Acupuntura Massagem Com Ventosa,False
1658368306,20220721,15538395933,123,41%,208,1535,100,normal,136,1195,24 Peças Suporte A Vácuo Anti-Celulite Acupuntura Massagem Com Ventosa,False
1658351735,20220720,15538395933,123,41%,208,1535,100,normal,136,1192,24 Peças Suporte A Vácuo Anti-Celulite Acupuntura Massagem Com Ventosa,False
1658344490,20220720,15538395933,123,41%,208,1536,100,normal,136,1192,24 Peças Suporte A Vácuo Anti-Celulite Acupuntura Massagem Com Ventosa,False
1658342842,20220720,15538395933,123,41%,208,1538,100,normal,136,1191,24 Peças Suporte A Vácuo Anti-Celulite Acupuntura Massagem Com Ventosa,False
1658341340,20220720,15538395933,123,41%,208,1538,100,normal,135,1190,24 Peças Suporte A Vácuo Anti-Celulite Acupuntura Massagem Com Ventosa,False
1658336519,20220720,15538395933,123,41%,208,1538,100,normal,135,1191,24 Peças Suporte A Vácuo Anti-Celulite Acupuntura Massagem Com Ventosa,False
1658334475,20220720,15538395933,123,41%,208,1540,100,normal,135,1189,24 Peças Suporte A Vácuo Anti-Celulite Acupuntura Massagem Com Ventosa,False
1658331823,20220720,15538395933,123,41%,208,1540,95,normal,135,1189,24 Peças Suporte A Vácuo Anti-Celulite Acupuntura Massagem Com Ventosa,False
1658330393,20220720,15538395933,123,41%,208,1541,95,normal,134,1189,24 Peças Suporte A Vácuo Anti-Celulite Acupuntura Massagem Com Ventosa,False
1658324853,20220720,15538395933,123,41%,208,1543,95,normal,134,1189,24 Peças Suporte A Vácuo Anti-Celulite Acupuntura Massagem Com Ventosa,False
1658315708,20220720,15538395933,123,41%,208,1544,95,normal,134,1187,24 Peças Suporte A Vácuo Anti-Celulite Acupuntura Massagem Com Ventosa,False
1658313805,20220720,15538395933,123,41%,208,1544,95,normal,134,1186,24 Peças Suporte A Vácuo Anti-Celulite Acupuntura Massagem Com Ventosa,False
1658288633,20220720,15538395933,123,41%,208,1543,95,normal,134,1185,24 Peças Suporte A Vácuo Anti-Celulite Acupuntura Massagem Com Ventosa,False
1658281774,20220720,15538395933,123,41%,208,1544,95,normal,134,1184,24 Peças Suporte A Vácuo Anti-Celulite Acupuntura Massagem Com Ventosa,False
1658272686,20220719,15538395933,123,41%,208,1544,95,normal,134,1181,24 Peças Suporte A Vácuo Anti-Celulite Acupuntura Massagem Com Ventosa,False
1658270429,20220719,15538395933,123,41%,208,1544,95,normal,134,1179,24 Peças Suporte A Vácuo Anti-Celulite Acupuntura Massagem Com Ventosa,False
1658263320,20220719,15538395933,123,41%,208,1545,95,normal,134,1179,24 Peças Suporte A Vácuo Anti-Celulite Acupuntura Massagem Com Ventosa,False
1658261965,20220719,15538395933,123,41%,208,1546,95,normal,133,1179,24 Peças Suporte A Vácuo Anti-Celulite Acupuntura Massagem Com Ventosa,False
1658258054,20220719,15538395933,123,41%,208,1546,95,normal,133,1178,24 Peças Suporte A Vácuo Anti-Celulite Acupuntura Massagem Com Ventosa,False
1658255086,20220719,15538395933,123,41%,208,1547,95,normal,133,1178,24 Peças Suporte A Vácuo Anti-Celulite Acupuntura Massagem Com Ventosa,False
1658252928,20220719,15538395933,123,41%,208,1548,95,normal,133,1178,24 Peças Suporte A Vácuo Anti-Celulite Acupuntura Massagem Com Ventosa,False
1658250392,20220719,15538395933,123,41%,208,1451,95,normal,133,1178,24 Peças Suporte A Vácuo Anti-Celulite Acupuntura Massagem Com Ventosa,False
1658248107,20220719,15538395933,119,42%,208,98,93,normal,133,1178,24 Peças Suporte A Vácuo Anti-Celulite Acupuntura Massagem Com Ventosa,False
1658245575,20220719,15538395933,119,42%,208,99,93,normal,133,1177,24 Peças Suporte A Vácuo Anti-Celulite Acupuntura Massagem Com Ventosa,False
1658244118,20220719,15538395933,119,42%,208,100,93,normal,133,1176,24 Peças Suporte A Vácuo Anti-Celulite Acupuntura Massagem Com Ventosa,False
1658240228,20220719,15538395933,123,41%,208,1450,93,normal,133,1175,24 Peças Suporte A Vácuo Anti-Celulite Acupuntura Massagem Com Ventosa,False
1658238057,20220719,15538395933,123,41%,208,1450,93,normal,133,1173,24 Peças Suporte A Vácuo Anti-Celulite Acupuntura Massagem Com Ventosa,False
1658229314,20220719,15538395933,123,41%,208,1550,93,normal,133,1173,24 Peças Suporte A Vácuo Anti-Celulite Acupuntura Massagem Com Ventosa,False
1658208738,20220719,15538395933,123,41%,208,1550,93,normal,133,1172,24 Peças Suporte A Vácuo Anti-Celulite Acupuntura Massagem Com Ventosa,False
1658203675,20220719,15538395933,123,41%,208,1550,93,normal,133,1171,24 Peças Suporte A Vácuo Anti-Celulite Acupuntura Massagem Com Ventosa,False
1658196234,20220719,15538395933,123,41%,208,1553,93,normal,133,1170,24 Peças Suporte A Vácuo Anti-Celulite Acupuntura Massagem Com Ventosa,False
1658184070,20220718,15538395933,123,41%,208,1550,93,normal,133,1166,24 Peças Suporte A Vácuo Anti-Celulite Acupuntura Massagem Com Ventosa,False
1658180366,20220718,15538395933,123,41%,208,1551,93,normal,133,1166,24 Peças Suporte A Vácuo Anti-Celulite Acupuntura Massagem Com Ventosa,False
1658176877,20220718,15538395933,123,41%,208,1552,93,normal,133,1166,24 Peças Suporte A Vácuo Anti-Celulite Acupuntura Massagem Com Ventosa,False
1658175536,20220718,15538395933,123,41%,208,1552,93,normal,133,1165,24 Peças Suporte A Vácuo Anti-Celulite Acupuntura Massagem Com Ventosa,False
1658168469,20220718,15538395933,123,41%,208,1552,93,normal,133,1164,24 Peças Suporte A Vácuo Anti-Celulite Acupuntura Massagem Com Ventosa,False
1658166326,20220718,15538395933,123,41%,208,1552,93,normal,133,1163,24 Peças Suporte A Vácuo Anti-Celulite Acupuntura Massagem Com Ventosa,False
1658163734,20220718,15538395933,123,41%,208,1550,93,normal,133,1163,24 Peças Suporte A Vácuo Anti-Celulite Acupuntura Massagem Com Ventosa,False
1658161664,20220718,15538395933,123,41%,208,1550,94,normal,133,1162,24 Peças Suporte A Vácuo Anti-Celulite Acupuntura Massagem Com Ventosa,False
1658155900,20220718,15538395933,123,41%,208,1550,94,normal,133,1160,24 Peças Suporte A Vácuo Anti-Celulite Acupuntura Massagem Com Ventosa,False
1658153984,20220718,15538395933,123,41%,208,1550,94,normal,133,1159,24 Peças Suporte A Vácuo Anti-Celulite Acupuntura Massagem Com Ventosa,False
1658152502,20220718,15538395933,123,41%,208,1551,94,normal,133,1159,24 Peças Suporte A Vácuo Anti-Celulite Acupuntura Massagem Com Ventosa,False
1658116003,20220718,15538395933,123,41%,208,1551,94,normal,132,1158,24 Peças Suporte A Vácuo Anti-Celulite Acupuntura Massagem Com Ventosa,False
1658109264,20220718,15538395933,123,41%,208,1551,94,normal,132,1157,24 Peças Suporte A Vácuo Anti-Celulite Acupuntura Massagem Com Ventosa,False
1658101162,20220717,15538395933,123,41%,208,1555,94,normal,132,1152,24 Peças Suporte A Vácuo Anti-Celulite Acupuntura Massagem Com Ventosa,False
1658099829,20220717,15538395933,123,41%,208,1555,94,normal,132,1151,24 Peças Suporte A Vácuo Anti-Celulite Acupuntura Massagem Com Ventosa,False
1658097586,20220717,15538395933,123,41%,208,1556,94,normal,132,1151,24 Peças Suporte A Vácuo Anti-Celulite Acupuntura Massagem Com Ventosa,False
1658093931,20220717,15538395933,123,41%,208,1556,94,normal,132,1150,24 Peças Suporte A Vácuo Anti-Celulite Acupuntura Massagem Com Ventosa,False
1658089089,20220717,15538395933,123,41%,208,1557,94,normal,132,1150,24 Peças Suporte A Vácuo Anti-Celulite Acupuntura Massagem Com Ventosa,False
1658083446,20220717,15538395933,123,41%,208,1558,94,normal,132,1149,24 Peças Suporte A Vácuo Anti-Celulite Acupuntura Massagem Com Ventosa,False
1658082032,20220717,15538395933,123,41%,208,1559,94,normal,132,1148,24 Peças Suporte A Vácuo Anti-Celulite Acupuntura Massagem Com Ventosa,False
1658075032,20220717,15538395933,123,41%,208,1559,94,normal,132,1147,24 Peças Suporte A Vácuo Anti-Celulite Acupuntura Massagem Com Ventosa,False
1658072500,20220717,15538395933,123,41%,208,1559,95,normal,132,1145,24 Peças Suporte A Vácuo Anti-Celulite Acupuntura Massagem Com Ventosa,False
1658068689,20220717,15538395933,123,41%,208,1559,95,normal,132,1144,24 Peças Suporte A Vácuo Anti-Celulite Acupuntura Massagem Com Ventosa,False
1658065408,20220717,15538395933,123,41%,208,1560,95,normal,132,1144,24 Peças Suporte A Vácuo Anti-Celulite Acupuntura Massagem Com Ventosa,False
1658054437,20220717,15538395933,123,41%,208,1560,95,normal,131,1144,24 Peças Suporte A Vácuo Anti-Celulite Acupuntura Massagem Com Ventosa,False
1658032458,20220717,15538395933,123,41%,208,1560,95,normal,131,1143,24 Peças Suporte A Vácuo Anti-Celulite Acupuntura Massagem Com Ventosa,False
1658029455,20220717,15538395933,123,41%,208,1559,95,normal,131,1143,24 Peças Suporte A Vácuo Anti-Celulite Acupuntura Massagem Com Ventosa,False
1658023013,20220717,15538395933,123,41%,208,1559,95,normal,131,1141,24 Peças Suporte A Vácuo Anti-Celulite Acupuntura Massagem Com Ventosa,False
1658009860,20220716,15538395933,123,41%,208,1561,95,normal,131,1141,24 Peças Suporte A Vácuo Anti-Celulite Acupuntura Massagem Com Ventosa,False
1658006092,20220716,15538395933,123,41%,208,1561,95,normal,131,1140,24 Peças Suporte A Vácuo Anti-Celulite Acupuntura Massagem Com Ventosa,False
1658003984,20220716,15538395933,123,41%,208,1561,95,normal,131,1139,24 Peças Suporte A Vácuo Anti-Celulite Acupuntura Massagem Com Ventosa,False
1658002686,20220716,15538395933,123,41%,208,1561,95,normal,131,1138,24 Peças Suporte A Vácuo Anti-Celulite Acupuntura Massagem Com Ventosa,False
1657998864,20220716,15538395933,123,41%,208,1561,95,normal,130,1137,24 Peças Suporte A Vácuo Anti-Celulite Acupuntura Massagem Com Ventosa,False
1657997053,20220716,15538395933,123,41%,208,1561,95,normal,130,1136,24 Peças Suporte A Vácuo Anti-Celulite Acupuntura Massagem Com Ventosa,False
1657991802,20220716,15538395933,123,41%,208,1562,95,normal,130,1136,24 Peças Suporte A Vácuo Anti-Celulite Acupuntura Massagem Com Ventosa,False
1657990332,20220716,15538395933,123,41%,208,1563,95,normal,130,1136,24 Peças Suporte A Vácuo Anti-Celulite Acupuntura Massagem Com Ventosa,False
1657978912,20220716,15538395933,123,41%,208,1563,98,normal,130,1136,24 Peças Suporte A Vácuo Anti-Celulite Acupuntura Massagem Com Ventosa,False
1657976551,20220716,15538395933,123,41%,208,1564,98,normal,129,1136,24 Peças Suporte A Vácuo Anti-Celulite Acupuntura Massagem Com Ventosa,False
1657944201,20220716,15538395933,123,41%,208,1564,98,normal,129,1134,24 Peças Suporte A Vácuo Anti-Celulite Acupuntura Massagem Com Ventosa,False
1657941987,20220716,15538395933,123,41%,208,1564,98,normal,128,1133,24 Peças Suporte A Vácuo Anti-Celulite Acupuntura Massagem Com Ventosa,False
1657936195,20220716,15538395933,123,41%,208,1564,98,normal,128,1131,24 Peças Suporte A Vácuo Anti-Celulite Acupuntura Massagem Com Ventosa,False
1657928420,20220715,15538395933,123,41%,208,1564,98,normal,128,1130,24 Peças Suporte A Vácuo Anti-Celulite Acupuntura Massagem Com Ventosa,False
1657923433,20220715,15538395933,123,41%,208,1564,98,normal,127,1129,24 Peças Suporte A Vácuo Anti-Celulite Acupuntura Massagem Com Ventosa,False
1657921234,20220715,15538395933,123,41%,208,1564,98,normal,127,1128,24 Peças Suporte A Vácuo Anti-Celulite Acupuntura Massagem Com Ventosa,False
1657917646,20220715,15538395933,123,41%,208,1564,98,normal,127,1127,24 Peças Suporte A Vácuo Anti-Celulite Acupuntura Massagem Com Ventosa,False
1657912471,20220715,15538395933,123,41%,208,1564,98,normal,127,1126,24 Peças Suporte A Vácuo Anti-Celulite Acupuntura Massagem Com Ventosa,False
1657910864,20220715,15538395933,123,41%,208,1563,98,normal,127,1126,24 Peças Suporte A Vácuo Anti-Celulite Acupuntura Massagem Com Ventosa,False
1657909347,20220715,15538395933,123,41%,208,1564,98,normal,127,1126,24 Peças Suporte A Vácuo Anti-Celulite Acupuntura Massagem Com Ventosa,False
1657907138,20220715,15538395933,123,41%,208,1565,98,normal,127,1125,24 Peças Suporte A Vácuo Anti-Celulite Acupuntura Massagem Com Ventosa,False
1657902537,20220715,15538395933,123,41%,208,1565,98,normal,127,1124,24 Peças Suporte A Vácuo Anti-Celulite Acupuntura Massagem Com Ventosa,False
1657896123,20220715,15538395933,123,41%,208,1566,98,normal,127,1124,24 Peças Suporte A Vácuo Anti-Celulite Acupuntura Massagem Com Ventosa,False
1657894923,20220715,15538395933,123,41%,208,1566,98,normal,127,1123,24 Peças Suporte A Vácuo Anti-Celulite Acupuntura Massagem Com Ventosa,False
1657892928,20220715,15538395933,123,41%,208,1567,98,normal,126,1123,24 Peças Suporte A Vácuo Anti-Celulite Acupuntura Massagem Com Ventosa,False
1657883704,20220715,15538395933,123,41%,208,1566,98,normal,126,1123,24 Peças Suporte A Vácuo Anti-Celulite Acupuntura Massagem Com Ventosa,False
1657869440,20220715,15538395933,123,41%,208,1566,98,normal,126,1122,24 Peças Suporte A Vácuo Anti-Celulite Acupuntura Massagem Com Ventosa,False
1657857847,20220715,15538395933,123,41%,208,1566,98,normal,126,1121,24 Peças Suporte A Vácuo Anti-Celulite Acupuntura Massagem Com Ventosa,False
1657850583,20220715,15538395933,119,43%,208,1567,98,normal,126,1119,24 Peças Suporte A Vácuo Anti-Celulite Acupuntura Massagem Com Ventosa,False
1657842059,20220714,15538395933,119,43%,208,1566,98,normal,126,1115,24 Peças Suporte A Vácuo Anti-Celulite Acupuntura Massagem Com Ventosa,False
1657840794,20220714,15538395933,119,43%,208,1567,98,normal,126,1114,24 Peças Suporte A Vácuo Anti-Celulite Acupuntura Massagem Com Ventosa,False
1657834799,20220714,15538395933,119,43%,208,1567,98,normal,125,1114,24 Peças Suporte A Vácuo Anti-Celulite Acupuntura Massagem Com Ventosa,False
1657824397,20220714,15538395933,119,43%,208,1566,98,normal,125,1114,24 Peças Suporte A Vácuo Anti-Celulite Acupuntura Massagem Com Ventosa,False
1657822976,20220714,15538395933,119,43%,208,1567,98,normal,125,1113,24 Peças Suporte A Vácuo Anti-Celulite Acupuntura Massagem Com Ventosa,False
1657819745,20220714,15538395933,119,43%,208,1568,98,normal,125,1112,24 Peças Suporte A Vácuo Anti-Celulite Acupuntura Massagem Com Ventosa,False
1657816400,20220714,15538395933,119,43%,208,1568,97,normal,124,1112,24 Peças Suporte A Vácuo Anti-Celulite Acupuntura Massagem Com Ventosa,False
1657813497,20220714,15538395933,119,43%,208,1570,97,normal,123,1111,24 Peças Suporte A Vácuo Anti-Celulite Acupuntura Massagem Com Ventosa,False
1657812031,20220714,15538395933,119,43%,208,1570,97,normal,123,1110,24 Peças Suporte A Vácuo Anti-Celulite Acupuntura Massagem Com Ventosa,False
1657808194,20220714,15538395933,119,43%,208,1571,97,normal,123,1110,24 Peças Suporte A Vácuo Anti-Celulite Acupuntura Massagem Com Ventosa,False
1657806079,20220714,15538395933,119,43%,208,1571,97,normal,123,1109,24 Peças Suporte A Vácuo Anti-Celulite Acupuntura Massagem Com Ventosa,False
1657802339,20220714,15538395933,119,43%,208,1571,97,normal,123,1108,24 Peças Suporte A Vácuo Anti-Celulite Acupuntura Massagem Com Ventosa,False
1657798636,20220714,15538395933,119,43%,208,1572,97,normal,121,1108,24 Peças Suporte A Vácuo Anti-Celulite Acupuntura Massagem Com Ventosa,False
