data/master.csv
time,date,itemid,price,discount,price_before_discount,stock,sold,item_status,cmt_count,liked_count,item_name,is_latest
1662070732,20220901,16604914064,120,50%,241,9763,60,normal,119,622,Amplificador De Potência De Áudio speaker amp AK380 800W Para Carro CD MP3 Telefone Amplificador Bluetooth Carro Karaokê Home Theater,True
1662059710,20220901,16604914064,120,50%,241,9763,60,normal,119,621,Amplificador De Potência De Áudio speaker amp AK380 800W Para Carro CD MP3 Telefone Amplificador Bluetooth Carro Karaokê Home Theater,False
1662035868,20220901,16604914064,120,50%,241,9763,62,normal,119,621,Amplificador De Potência De Áudio speaker amp AK380 800W Para Carro CD MP3 Telefone Amplificador Bluetooth Carro Karaokê Home Theater,False
1661997343,20220901,16604914064,120,50%,241,9763,62,normal,119,619,Amplificador De Potência De Áudio speaker amp AK380 800W Para Carro CD MP3 Telefone Amplificador Bluetooth Carro Karaokê Home Theater,False
1661987960,20220831,16604914064,120,50%,241,9763,62,normal,119,619,Amplificador De Potência De Áudio speaker amp AK380 800W Para Carro CD MP3 Telefone Amplificador Bluetooth Carro Karaokê Home Theater,False
1661973337,20220831,16604914064,120,50%,241,9763,62,normal,118,619,Amplificador De Potência De Áudio speaker amp AK380 800W Para Carro CD MP3 Telefone Amplificador Bluetooth Carro Karaokê Home Theater,False
1661963229,20220831,16604914064,120,50%,241,9763,60,normal,118,619,Amplificador De Potência De Áudio speaker amp AK380 800W Para Carro CD MP3 Telefone Amplificador Bluetooth Carro Karaokê Home Theater,False
1661912571,20220831,16604914064,120,50%,241,9763,60,normal,117,619,Amplificador De Potência De Áudio speaker amp AK380 800W Para Carro CD MP3 Telefone Amplificador Bluetooth Carro Karaokê Home Theater,False
1661895599,20220830,16604914064,120,50%,241,9764,60,normal,117,618,Amplificador De Potência De Áudio speaker amp AK380 800W Para Carro CD MP3 Telefone Amplificador Bluetooth Carro Karaokê Home Theater,False
1661883799,20220830,16604914064,120,50%,241,9764,60,normal,116,618,Amplificador De Potência De Áudio speaker amp AK380 800W Para Carro CD MP3 Telefone Amplificador Bluetooth Carro Karaokê Home Theater,False
1661874339,20220830,16604914064,120,50%,241,9764,60,normal,115,618,Amplificador De Potência De Áudio speaker amp AK380 800W Para Carro CD MP3 Telefone Amplificador Bluetooth Carro Karaokê Home Theater,False
1661866947,20220830,16604914064,115,52%,241,191,60,normal,115,618,Amplificador De Potência De Áudio speaker amp AK380 800W Para Carro CD MP3 Telefone Amplificador Bluetooth Carro Karaokê Home Theater,False
1661833768,20220830,16604914064,115,52%,241,191,60,normal,115,617,Amplificador De Potência De Áudio speaker amp AK380 800W Para Carro CD MP3 Telefone Amplificador Bluetooth Carro Karaokê Home Theater,False
1661825689,20220830,16604914064,115,52%,241,190,60,normal,115,617,Amplificador De Potência De Áudio speaker amp AK380 800W Para Carro CD MP3 Telefone Amplificador Bluetooth Carro Karaokê Home Theater,False
1661811521,20220829,16604914064,115,52%,241,191,60,normal,115,615,Amplificador De Potência De Áudio speaker amp AK380 800W Para Carro CD MP3 Telefone Amplificador Bluetooth Carro Karaokê Home Theater,False
1661809240,20220829,16604914064,115,52%,241,192,60,normal,115,614,Amplificador De Potência De Áudio speaker amp AK380 800W Para Carro CD MP3 Telefone Amplificador Bluetooth Carro Karaokê Home Theater,False
1661805741,20220829,16604914064,115,52%,241,192,60,normal,115,613,Amplificador De Potência De Áudio speaker amp AK380 800W Para Carro CD MP3 Telefone Amplificador Bluetooth Carro Karaokê Home Theater,False
1661804401,20220829,16604914064,115,52%,241,192,60,normal,115,612,Amplificador De Potência De Áudio speaker amp AK380 800W Para Carro CD MP3 Telefone Amplificador Bluetooth Carro Karaokê Home Theater,False
1661801834,20220829,16604914064,115,52%,241,192,63,normal,115,612,Amplificador De Potência De Áudio speaker amp AK380 800W Para Carro CD MP3 Telefone Amplificador Bluetooth Carro Karaokê Home Theater,False
1661790376,20220829,16604914064,115,52%,241,193,63,normal,115,612,Amplificador De Potência De Áudio speaker amp AK380 800W Para Carro CD MP3 Telefone Amplificador Bluetooth Carro Karaokê Home Theater,False
1661784055,20220829,16604914064,115,52%,241,193,63,normal,115,610,Amplificador De Potência De Áudio speaker amp AK380 800W Para Carro CD MP3 Telefone Amplificador Bluetooth Carro Karaokê Home Theater,False
1661780421,20220829,16604914064,115,52%,241,193,63,normal,114,610,Amplificador De Potência De Áudio speaker amp AK380 800W Para Carro CD MP3 Telefone Amplificador Bluetooth Carro Karaokê Home Theater,False
1661738920,20220829,16604914064,115,52%,241,193,63,normal,114,609,Amplificador De Potência De Áudio speaker amp AK380 800W Para Carro CD MP3 Telefone Amplificador Bluetooth Carro Karaokê Home Theater,False
1661730134,20220828,16604914064,115,52%,241,193,63,normal,114,609,Amplificador De Potência De Áudio speaker amp AK380 800W Para Carro CD MP3 Telefone Amplificador Bluetooth Carro Karaokê Home Theater,False
1661715426,20220828,16604914064,115,52%,241,194,63,normal,114,609,Amplificador De Potência De Áudio speaker amp AK380 800W Para Carro CD MP3 Telefone Amplificador Bluetooth Carro Karaokê Home Theater,False
1661708458,20220828,16604914064,115,52%,241,194,70,normal,114,609,Amplificador De Potência De Áudio speaker amp AK380 800W Para Carro CD MP3 Telefone Amplificador Bluetooth Carro Karaokê Home Theater,False
1661703876,20220828,16604914064,115,52%,241,195,70,normal,114,609,Amplificador De Potência De Áudio speaker amp AK380 800W Para Carro CD MP3 Telefone Amplificador Bluetooth Carro Karaokê Home Theater,False
1661652675,20220828,16604914064,115,52%,241,195,70,normal,113,609,Amplificador De Potência De Áudio speaker amp AK380 800W Para Carro CD MP3 Telefone Amplificador Bluetooth Carro Karaokê Home Theater,False
1661627680,20220827,16604914064,115,52%,241,195,70,normal,113,609,Amplificador De Potência De Áudio speaker amp AK380 800W Para Carro CD MP3 Telefone Amplificador Bluetooth Carro Karaokê Home Theater,False
1661620713,20220827,16604914064,115,52%,241,195,68,normal,113,609,Amplificador De Potência De Áudio speaker amp AK380 800W Para Carro CD MP3 Telefone Amplificador Bluetooth Carro Karaokê Home Theater,False
1661617459,20220827,16604914064,115,52%,241,195,68,normal,113,608,Amplificador De Potência De Áudio speaker amp AK380 800W Para Carro CD MP3 Telefone Amplificador Bluetooth Carro Karaokê Home Theater,False
1661603771,20220827,16604914064,115,52%,241,195,68,normal,113,607,Amplificador De Potência De Áudio speaker amp AK380 800W Para Carro CD MP3 Telefone Amplificador Bluetooth Carro Karaokê Home Theater,False
1661565767,20220827,16604914064,115,52%,241,195,68,normal,112,607,Amplificador De Potência De Áudio speaker amp AK380 800W Para Carro CD MP3 Telefone Amplificador Bluetooth Carro Karaokê Home Theater,False
1661552302,20220826,16604914064,115,52%,241,195,68,normal,112,607,Amplificador De Potência De Áudio speaker amp AK380 800W Para Carro CD MP3 Telefone Amplificador Bluetooth Carro Karaokê Home Theater,False
1661549999,20220826,16604914064,115,52%,241,195,68,normal,111,607,Amplificador De Potência De Áudio speaker amp AK380 800W Para Carro CD MP3 Telefone Amplificador Bluetooth Carro Karaokê Home Theater,False
1661542619,20220826,16604914064,115,52%,241,195,68,normal,110,607,Amplificador De Potência De Áudio speaker amp AK380 800W Para Carro CD MP3 Telefone Amplificador Bluetooth Carro Karaokê Home Theater,False
1661512575,20220826,16604914064,115,52%,241,195,69,normal,110,607,Amplificador De Potência De Áudio speaker amp AK380 800W Para Carro CD MP3 Telefone Amplificador Bluetooth Carro Karaokê Home Theater,False
1661505509,20220826,16604914064,115,52%,241,195,69,normal,109,607,Amplificador De Potência De Áudio speaker amp AK380 800W Para Carro CD MP3 Telefone Amplificador Bluetooth Carro Karaokê Home Theater,False
1661479412,20220826,16604914064,115,52%,241,195,69,normal,108,607,Amplificador De Potência De Áudio speaker amp AK380 800W Para Carro CD MP3 Telefone Amplificador Bluetooth Carro Karaokê Home Theater,False
1661458804,20220825,16604914064,115,52%,241,195,69,normal,107,606,Amplificador De Potência De Áudio speaker amp AK380 800W Para Carro CD MP3 Telefone Amplificador Bluetooth Carro Karaokê Home Theater,False
1661456220,20220825,16604914064,115,52%,241,195,69,normal,107,605,Amplificador De Potência De Áudio speaker amp AK380 800W Para Carro CD MP3 Telefone Amplificador Bluetooth Carro Karaokê Home Theater,False
1661442256,20220825,16604914064,115,52%,241,195,68,normal,107,605,Amplificador De Potência De Áudio speaker amp AK380 800W Para Carro CD MP3 Telefone Amplificador Bluetooth Carro Karaokê Home Theater,False
